<html>
<body>
<pre>
<h1>µVision Build Log</h1>
<h2>Tool Versions:</h2>
IDE-Version: ¦ÌVision V5.36.0.0
Copyright (C) 2021 ARM Ltd and ARM Germany GmbH. All rights reserved.
License Information: 1 1, 1, LIC=NQQMA-12EJM-MMH9I-TM6QR-PT15M-AP397
 
Tool Versions:
Toolchain:       MDK-ARM Plus  Version: 5.36.0.0
Toolchain Path:  F:\KEIL5\ARM\ARMCC\Bin
C Compiler:      Armcc.exe V5.06 update 7 (build 960)
Assembler:       Armasm.exe V5.06 update 7 (build 960)
Linker/Locator:  ArmLink.exe V5.06 update 7 (build 960)
Library Manager: ArmAr.exe V5.06 update 7 (build 960)
Hex Converter:   FromElf.exe V5.06 update 7 (build 960)
CPU DLL:         SARMCM3.DLL V5.36.0.0
Dialog DLL:      DCM.DLL V1.17.3.0
Target DLL:      STLink\ST-LINKIII-KEIL_SWO.dll V3.0.9.0
Dialog DLL:      TCM.DLL V1.53.0.0
 
<h2>Project:</h2>
E:\quark-project\quark-dog-git\quark-dog\code\stm32_1\USER\quark.uvprojx
Project File Date:  09/29/2022

<h2>Output:</h2>
*** Using Compiler 'V5.06 update 7 (build 960)', folder: 'F:\KEIL5\ARM\ARMCC\Bin'
Rebuild target 'quark'
compiling led.c...
compiling stm32f10x_it.c...
compiling system_stm32f10x.c...
compiling motor_init.c...
compiling main.c...
compiling board.c...
compiling foc.c...
assembling startup_stm32f10x_hd.s...
compiling core_cm3.c...
compiling delay.c...
compiling spi.c...
..\HARDWARE\SPI\spi.c(78): warning:  #550-D: variable "data3"  was set but never used
  	int data3 = 0;
..\HARDWARE\SPI\spi.c: 1 warning, 0 errors
compiling usart.c...
compiling sys.c...
compiling stm32f10x_gpio.c...
compiling stm32f10x_rcc.c...
compiling stm32f10x_usart.c...
compiling clock.c...
compiling components.c...
compiling idle.c...
compiling cpu.c...
compiling ipc.c...
compiling irq.c...
compiling misc.c...
compiling stm32f10x_exti.c...
compiling kservice.c...
compiling stm32f10x_spi.c...
compiling memheap.c...
compiling mem.c...
compiling mempool.c...
compiling stm32f10x_tim.c...
compiling object.c...
compiling slab.c...
compiling scheduler.c...
compiling thread.c...
compiling timer.c...
assembling context_rvds.S...
compiling cpuport.c...
compiling thread_manage.c...
linking...
Program Size: Code=23430 RO-data=642 RW-data=228 ZI-data=10964  
FromELF: creating hex file...
"..\OBJ\quark.axf" - 0 Error(s), 1 Warning(s).

<h2>Software Packages used:</h2>

Package Vendor: Keil
                http://www.keil.com/pack/Keil.STM32F1xx_DFP.2.2.0.pack
                Keil.STM32F1xx_DFP.2.2.0
                STMicroelectronics STM32F1 Series Device Support, Drivers and Examples

<h2>Collection of Component include folders:</h2>
  G:\keil_packs\Keil\STM32F1xx_DFP\2.2.0\Device\Include

<h2>Collection of Component Files used:</h2>
Build Time Elapsed:  00:00:03
</pre>
</body>
</html>
