Component: ARM Compiler 5.06 update 7 (build 960) Tool: armlink [4d3601]

==============================================================================

Section Cross References

    main.o(.text) refers to thread_manage.o(.text) for create_thread
    main.o(.text) refers to thread.o(.text) for rt_thread_delay
    system_stm32f10x.o(.text) refers to system_stm32f10x.o(.data) for SystemCoreClock
    board.o(.text) refers to misc.o(.text) for NVIC_PriorityGroupConfig
    board.o(.text) refers to motor_init.o(.text) for motor_init
    board.o(.text) refers to as5600.o(.text) for AS5600_Init
    board.o(.text) refers to components.o(.text) for rt_components_board_init
    board.o(.text) refers to mem.o(.text) for rt_system_heap_init
    board.o(.text) refers to irq.o(.text) for rt_interrupt_enter
    board.o(.text) refers to clock.o(.text) for rt_tick_increase
    board.o(.text) refers to board.o(.bss) for rt_heap
    board.o(.text) refers to system_stm32f10x.o(.data) for SystemCoreClock
    led.o(.text) refers to stm32f10x_rcc.o(.text) for RCC_APB2PeriphClockCmd
    led.o(.text) refers to stm32f10x_gpio.o(.text) for GPIO_Init
    motor_init.o(.text) refers to stm32f10x_rcc.o(.text) for RCC_APB1PeriphClockCmd
    motor_init.o(.text) refers to stm32f10x_gpio.o(.text) for GPIO_Init
    motor_init.o(.text) refers to stm32f10x_tim.o(.text) for TIM_TimeBaseInit
    foc.o(.text) refers to f2d.o(x$fpl$f2d) for __aeabi_f2d
    foc.o(.text) refers to sin.o(i.sin) for sin
    foc.o(.text) refers to dmul.o(x$fpl$dmul) for __aeabi_dmul
    foc.o(.text) refers to cos.o(i.cos) for cos
    foc.o(.text) refers to daddsub_clz.o(x$fpl$dsub) for __aeabi_dsub
    foc.o(.text) refers to d2f.o(x$fpl$d2f) for __aeabi_d2f
    foc.o(.text) refers to daddsub_clz.o(x$fpl$dadd) for __aeabi_dadd
    foc.o(.text) refers to sqrt.o(i.sqrt) for sqrt
    foc.o(.text) refers to ddiv.o(x$fpl$ddiv) for __aeabi_ddiv
    foc.o(.text) refers to frleqf.o(x$fpl$frleqf) for __aeabi_cfrcmple
    foc.o(.text) refers to fdiv.o(x$fpl$fdiv) for __aeabi_fdiv
    foc.o(.text) refers to faddsub_clz.o(x$fpl$fadd) for __aeabi_fadd
    foc.o(.text) refers to fmul.o(x$fpl$fmul) for __aeabi_fmul
    foc.o(.text) refers to faddsub_clz.o(x$fpl$fsub) for __aeabi_fsub
    as5600.o(.text) refers to myiic.o(.text) for IIC_Init
    as5600.o(.text) refers to dflt_clz.o(x$fpl$dflt) for __aeabi_i2d
    as5600.o(.text) refers to ddiv.o(x$fpl$ddiv) for __aeabi_ddiv
    as5600.o(.text) refers to dmul.o(x$fpl$dmul) for __aeabi_dmul
    as5600.o(.text) refers to d2f.o(x$fpl$d2f) for __aeabi_d2f
    myiic.o(.text) refers to stm32f10x_rcc.o(.text) for RCC_APB2PeriphClockCmd
    myiic.o(.text) refers to stm32f10x_gpio.o(.text) for GPIO_PinRemapConfig
    myiic.o(.text) refers to thread.o(.text) for rt_thread_delay
    delay.o(.text) refers to misc.o(.text) for SysTick_CLKSourceConfig
    delay.o(.text) refers to system_stm32f10x.o(.data) for SystemCoreClock
    delay.o(.text) refers to delay.o(.data) for fac_us
    usart.o(.text) refers (Special) to use_no_semi_2.o(.text) for __use_no_semihosting
    usart.o(.text) refers to stm32f10x_rcc.o(.text) for RCC_APB2PeriphClockCmd
    usart.o(.text) refers to stm32f10x_gpio.o(.text) for GPIO_Init
    usart.o(.text) refers to misc.o(.text) for NVIC_Init
    usart.o(.text) refers to stm32f10x_usart.o(.text) for USART_Init
    usart.o(.text) refers to usart.o(.data) for USART_RX_STA
    usart.o(.text) refers to usart.o(.bss) for USART_RX_BUF
    usart.o(.bss) refers (Special) to use_no_semi_2.o(.text) for __use_no_semihosting
    usart.o(.data) refers (Special) to use_no_semi_2.o(.text) for __use_no_semihosting
    startup_stm32f10x_hd.o(STACK) refers (Special) to heapauxi.o(.text) for __use_two_region_memory
    startup_stm32f10x_hd.o(HEAP) refers (Special) to heapauxi.o(.text) for __use_two_region_memory
    startup_stm32f10x_hd.o(RESET) refers (Special) to heapauxi.o(.text) for __use_two_region_memory
    startup_stm32f10x_hd.o(RESET) refers to startup_stm32f10x_hd.o(STACK) for __initial_sp
    startup_stm32f10x_hd.o(RESET) refers to startup_stm32f10x_hd.o(.text) for Reset_Handler
    startup_stm32f10x_hd.o(RESET) refers to stm32f10x_it.o(.text) for NMI_Handler
    startup_stm32f10x_hd.o(RESET) refers to context_rvds.o(.text) for HardFault_Handler
    startup_stm32f10x_hd.o(RESET) refers to board.o(.text) for SysTick_Handler
    startup_stm32f10x_hd.o(RESET) refers to usart.o(.text) for USART1_IRQHandler
    startup_stm32f10x_hd.o(.text) refers (Special) to heapauxi.o(.text) for __use_two_region_memory
    startup_stm32f10x_hd.o(.text) refers to system_stm32f10x.o(.text) for SystemInit
    startup_stm32f10x_hd.o(.text) refers to __main.o(!!!main) for __main
    startup_stm32f10x_hd.o(.text) refers to startup_stm32f10x_hd.o(HEAP) for Heap_Mem
    startup_stm32f10x_hd.o(.text) refers to startup_stm32f10x_hd.o(STACK) for Stack_Mem
    stm32f10x_gpio.o(.text) refers to stm32f10x_rcc.o(.text) for RCC_APB2PeriphResetCmd
[...]
    i.cos                                    0x08005e80   Section        0  cos.o(i.cos)
    i.sin                                    0x08005f1c   Section        0  sin.o(i.sin)
    i.sqrt                                   0x08005fbc   Section        0  sqrt.o(i.sqrt)
    x$fpl$d2f                                0x08006008   Section       98  d2f.o(x$fpl$d2f)
    x$fpl$dadd                               0x0800606c   Section      336  daddsub_clz.o(x$fpl$dadd)
    _dadd1                                   0x0800607d   Thumb Code     0  daddsub_clz.o(x$fpl$dadd)
    x$fpl$dcheck1                            0x080061bc   Section       16  dcheck1.o(x$fpl$dcheck1)
    x$fpl$ddiv                               0x080061cc   Section      688  ddiv.o(x$fpl$ddiv)
    ddiv_entry                               0x080061d3   Thumb Code     0  ddiv.o(x$fpl$ddiv)
    x$fpl$dfix                               0x0800647c   Section       94  dfix.o(x$fpl$dfix)
    x$fpl$dflt                               0x080064da   Section       46  dflt_clz.o(x$fpl$dflt)
    x$fpl$dfltu                              0x08006508   Section       38  dflt_clz.o(x$fpl$dfltu)
    x$fpl$dmul                               0x08006530   Section      340  dmul.o(x$fpl$dmul)
    x$fpl$dnaninf                            0x08006684   Section      156  dnaninf.o(x$fpl$dnaninf)
    x$fpl$dretinf                            0x08006720   Section       12  dretinf.o(x$fpl$dretinf)
    x$fpl$drsb                               0x0800672c   Section       22  daddsub_clz.o(x$fpl$drsb)
    x$fpl$dsqrt                              0x08006744   Section      460  dsqrt_noumaal.o(x$fpl$dsqrt)
    x$fpl$dsub                               0x08006910   Section      468  daddsub_clz.o(x$fpl$dsub)
    _dsub1                                   0x08006921   Thumb Code     0  daddsub_clz.o(x$fpl$dsub)
    x$fpl$f2d                                0x08006ae4   Section       86  f2d.o(x$fpl$f2d)
    x$fpl$fadd                               0x08006b3c   Section      196  faddsub_clz.o(x$fpl$fadd)
    _fadd1                                   0x08006b4b   Thumb Code     0  faddsub_clz.o(x$fpl$fadd)
    x$fpl$fcmpinf                            0x08006c00   Section       24  fcmpi.o(x$fpl$fcmpinf)
    x$fpl$fdiv                               0x08006c18   Section      388  fdiv.o(x$fpl$fdiv)
    _fdiv1                                   0x08006c19   Thumb Code     0  fdiv.o(x$fpl$fdiv)
    x$fpl$ffix                               0x08006d9c   Section       54  ffix.o(x$fpl$ffix)
    x$fpl$fleqf                              0x08006dd4   Section      104  fleqf.o(x$fpl$fleqf)
    x$fpl$fmul                               0x08006e3c   Section      258  fmul.o(x$fpl$fmul)
    x$fpl$fnaninf                            0x08006f3e   Section      140  fnaninf.o(x$fpl$fnaninf)
    x$fpl$fretinf                            0x08006fca   Section       10  fretinf.o(x$fpl$fretinf)
    x$fpl$frleqf                             0x08006fd4   Section       98  frleqf.o(x$fpl$frleqf)
    x$fpl$fsub                               0x08007038   Section      234  faddsub_clz.o(x$fpl$fsub)
    _fsub1                                   0x08007047   Thumb Code     0  faddsub_clz.o(x$fpl$fsub)
    x$fpl$retnan                             0x08007122   Section      100  retnan.o(x$fpl$retnan)
    x$fpl$scalbn                             0x08007186   Section       92  scalbn.o(x$fpl$scalbn)
    x$fpl$trapveneer                         0x080071e2   Section       48  trapv.o(x$fpl$trapveneer)
    .constdata                               0x08007212   Section      290  kservice.o(.constdata)
    x$fpl$usenofp                            0x08007212   Section        0  usenofp.o(x$fpl$usenofp)
    small_digits                             0x08007312   Data          17  kservice.o(.constdata)
    large_digits                             0x08007323   Data          17  kservice.o(.constdata)
    .constdata                               0x08007338   Section       48  cos_i.o(.constdata)
    C                                        0x08007338   Data          48  cos_i.o(.constdata)
    .constdata                               0x08007368   Section      200  rred.o(.constdata)
    pio2s                                    0x08007368   Data          48  rred.o(.constdata)
    twooverpi                                0x08007398   Data         152  rred.o(.constdata)
    .constdata                               0x08007430   Section       40  sin_i.o(.constdata)
    S                                        0x08007430   Data          40  sin_i.o(.constdata)
    .rti_fn.0                                0x08007458   Section        4  components.o(.rti_fn.0)
    __tagsym$$used                           0x08007458   Number         0  components.o(.rti_fn.0)
    .rti_fn.0.end                            0x0800745c   Section        4  components.o(.rti_fn.0.end)
    __tagsym$$used                           0x0800745c   Number         0  components.o(.rti_fn.0.end)
    .rti_fn.1.end                            0x08007460   Section        4  components.o(.rti_fn.1.end)
    __tagsym$$used                           0x08007460   Number         0  components.o(.rti_fn.1.end)
    .rti_fn.6.end                            0x08007464   Section        4  components.o(.rti_fn.6.end)
    __tagsym$$used                           0x08007464   Number         0  components.o(.rti_fn.6.end)
    .data                                    0x20000000   Section       20  system_stm32f10x.o(.data)
    .data                                    0x20000014   Section       24  foc.o(.data)
    .data                                    0x2000002c   Section        6  usart.o(.data)
    .data                                    0x20000032   Section       20  stm32f10x_rcc.o(.data)
    APBAHBPrescTable                         0x20000032   Data          16  stm32f10x_rcc.o(.data)
    ADCPrescTable                            0x20000042   Data           4  stm32f10x_rcc.o(.data)
    .data                                    0x20000048   Section        4  clock.o(.data)
    rt_tick                                  0x20000048   Data           4  clock.o(.data)
    .data                                    0x2000004c   Section        1  irq.o(.data)
    .data                                    0x20000050   Section        4  kservice.o(.data)
    __rt_errno                               0x20000050   Data           4  kservice.o(.data)
    .data                                    0x20000054   Section       24  mem.o(.data)
    heap_ptr                                 0x20000054   Data           4  mem.o(.data)
    heap_end                                 0x20000058   Data           4  mem.o(.data)
    lfree                                    0x2000005c   Data           4  mem.o(.data)
    mem_size_aligned                         0x20000060   Data           4  mem.o(.data)
    used_mem                                 0x20000064   Data           4  mem.o(.data)
    max_mem                                  0x20000068   Data           4  mem.o(.data)
    .data                                    0x2000006c   Section       80  object.o(.data)
    rt_object_container                      0x2000006c   Data          80  object.o(.data)
    .data                                    0x200000bc   Section       24  scheduler.o(.data)
    rt_scheduler_lock_nest                   0x200000c0   Data           2  scheduler.o(.data)
    .data                                    0x200000d4   Section       12  timer.o(.data)
    rt_timer_list                            0x200000d4   Data           8  timer.o(.data)
    random_nr                                0x200000dc   Data           4  timer.o(.data)
    .data                                    0x200000e0   Section       16  cpuport.o(.data)
    rt_exception_hook                        0x200000ec   Data           4  cpuport.o(.data)
    .data                                    0x200000f0   Section       12  thread_manage.o(.data)
    open_loop                                0x200000f8   Data           4  thread_manage.o(.data)
    .bss                                     0x200000fc   Section     8192  board.o(.bss)
    rt_heap                                  0x200000fc   Data        8192  board.o(.bss)
    .bss                                     0x200020fc   Section      180  foc.o(.bss)
    .bss                                     0x200021b0   Section      200  usart.o(.bss)
    .bss                                     0x20002278   Section      376  idle.o(.bss)
    idle                                     0x20002278   Data         120  idle.o(.bss)
    rt_thread_stack                          0x200022f0   Data         256  idle.o(.bss)
    .bss                                     0x200023f0   Section      256  kservice.o(.bss)
    rt_log_buf                               0x200023f0   Data         256  kservice.o(.bss)
    .bss                                     0x200024f0   Section       32  mem.o(.bss)
    heap_sem                                 0x200024f0   Data          32  mem.o(.bss)
    .bss                                     0x20002510   Section      256  scheduler.o(.bss)
    .bss                                     0x20002610   Section       96  libspace.o(.bss)
    HEAP                                     0x20002670   Section      512  startup_stm32f10x_hd.o(HEAP)
    Heap_Mem                                 0x20002670   Data         512  startup_stm32f10x_hd.o(HEAP)
    STACK                                    0x20002870   Section     1024  startup_stm32f10x_hd.o(STACK)
    Stack_Mem                                0x20002870   Data        1024  startup_stm32f10x_hd.o(STACK)
    __initial_sp                             0x20002c70   Data           0  startup_stm32f10x_hd.o(STACK)

    Global Symbols

    Symbol Name                              Value     Ov Type        Size  Object(Section)

    BuildAttributes$$THM_ISAv4$P$D$K$B$S$PE$A:L22UL41UL21$X:L11$S22US41US21$IEEE1$IW$USESV6$~STKCKD$USESV7$~SHL$OTIME$ROPI$IEEEX$EBA8$UX$STANDARDLIB$REQ8$PRES8$EABIv2 0x00000000   Number         0  anon$$obj.o ABSOLUTE
    __ARM_use_no_argv                        0x00000000   Number         0  main.o ABSOLUTE
    __ARM_exceptions_init                     - Undefined Weak Reference
    __alloca_initialize                       - Undefined Weak Reference
    __arm_fini_                               - Undefined Weak Reference
    __arm_preinit_                            - Undefined Weak Reference
    __cpp_initialize__aeabi_                  - Undefined Weak Reference
    __cxa_finalize                            - Undefined Weak Reference
    __rt_locale                               - Undefined Weak Reference
    __sigvec_lookup                           - Undefined Weak Reference
    _atexit_init                              - Undefined Weak Reference
    _call_atexit_fns                          - Undefined Weak Reference
    _clock_init                               - Undefined Weak Reference
    _fp_trap_init                             - Undefined Weak Reference
    _fp_trap_shutdown                         - Undefined Weak Reference
    _get_lc_collate                           - Undefined Weak Reference
    _get_lc_ctype                             - Undefined Weak Reference
    _get_lc_monetary                          - Undefined Weak Reference
    _get_lc_numeric                           - Undefined Weak Reference
    _get_lc_time                              - Undefined Weak Reference
    _getenv_init                              - Undefined Weak Reference
    _handle_redirection                       - Undefined Weak Reference
    _init_alloc                               - Undefined Weak Reference
    _init_user_alloc                          - Undefined Weak Reference
    _initio                                   - Undefined Weak Reference
    _rand_init                                - Undefined Weak Reference
    _signal_finish                            - Undefined Weak Reference
    _signal_init                              - Undefined Weak Reference
    _terminate_alloc                          - Undefined Weak Reference
    _terminate_user_alloc                     - Undefined Weak Reference
    _terminateio                              - Undefined Weak Reference
    __Vectors_Size                           0x00000130   Number         0  startup_stm32f10x_hd.o ABSOLUTE
    __Vectors                                0x08000000   Data           4  startup_stm32f10x_hd.o(RESET)
    __Vectors_End                            0x08000130   Data           0  startup_stm32f10x_hd.o(RESET)
    __main                                   0x08000131   Thumb Code     8  __main.o(!!!main)
    __scatterload                            0x08000139   Thumb Code     0  __scatter.o(!!!scatter)
    __scatterload_rt2                        0x08000139   Thumb Code    44  __scatter.o(!!!scatter)
    __scatterload_rt2_thumb_only             0x08000139   Thumb Code     0  __scatter.o(!!!scatter)
    __scatterload_null                       0x08000147   Thumb Code     0  __scatter.o(!!!scatter)
    __scatterload_copy                       0x0800016d   Thumb Code    26  __scatter_copy.o(!!handler_copy)
    __scatterload_zeroinit                   0x08000189   Thumb Code    28  __scatter_zi.o(!!handler_zi)
    __rt_lib_init                            0x080001a5   Thumb Code     0  libinit.o(.ARM.Collect$$libinit$$00000000)
    __rt_lib_init_alloca_1                   0x080001a7   Thumb Code     0  libinit2.o(.ARM.Collect$$libinit$$0000002E)
    __rt_lib_init_argv_1                     0x080001a7   Thumb Code     0  libinit2.o(.ARM.Collect$$libinit$$0000002C)
    __rt_lib_init_atexit_1                   0x080001a7   Thumb Code     0  libinit2.o(.ARM.Collect$$libinit$$0000001B)
    __rt_lib_init_clock_1                    0x080001a7   Thumb Code     0  libinit2.o(.ARM.Collect$$libinit$$00000021)
    __rt_lib_init_cpp_1                      0x080001a7   Thumb Code     0  libinit2.o(.ARM.Collect$$libinit$$00000032)
    __rt_lib_init_exceptions_1               0x080001a7   Thumb Code     0  libinit2.o(.ARM.Collect$$libinit$$00000030)
    __rt_lib_init_fp_1                       0x080001a7   Thumb Code     0  libinit2.o(.ARM.Collect$$libinit$$00000002)
    __rt_lib_init_fp_trap_1                  0x080001a7   Thumb Code     0  libinit2.o(.ARM.Collect$$libinit$$0000001F)
    __rt_lib_init_getenv_1                   0x080001a7   Thumb Code     0  libinit2.o(.ARM.Collect$$libinit$$00000023)
    __rt_lib_init_heap_1                     0x080001a7   Thumb Code     0  libinit2.o(.ARM.Collect$$libinit$$0000000A)
    __rt_lib_init_lc_collate_1               0x080001a7   Thumb Code     0  libinit2.o(.ARM.Collect$$libinit$$00000011)
    __rt_lib_init_lc_ctype_1                 0x080001a7   Thumb Code     0  libinit2.o(.ARM.Collect$$libinit$$00000013)
    __rt_lib_init_lc_monetary_1              0x080001a7   Thumb Code     0  libinit2.o(.ARM.Collect$$libinit$$00000015)
    __rt_lib_init_lc_numeric_1               0x080001a7   Thumb Code     0  libinit2.o(.ARM.Collect$$libinit$$00000017)
    __rt_lib_init_lc_time_1                  0x080001a7   Thumb Code     0  libinit2.o(.ARM.Collect$$libinit$$00000019)
    __rt_lib_init_preinit_1                  0x080001a7   Thumb Code     0  libinit2.o(.ARM.Collect$$libinit$$00000004)
    __rt_lib_init_rand_1                     0x080001a7   Thumb Code     0  libinit2.o(.ARM.Collect$$libinit$$0000000E)
    __rt_lib_init_return                     0x080001a7   Thumb Code     0  libinit2.o(.ARM.Collect$$libinit$$00000033)
    __rt_lib_init_signal_1                   0x080001a7   Thumb Code     0  libinit2.o(.ARM.Collect$$libinit$$0000001D)
    __rt_lib_init_stdio_1                    0x080001a7   Thumb Code     0  libinit2.o(.ARM.Collect$$libinit$$00000025)
    __rt_lib_init_user_alloc_1               0x080001a7   Thumb Code     0  libinit2.o(.ARM.Collect$$libinit$$0000000C)
    __rt_lib_shutdown                        0x080001a9   Thumb Code     0  libshutdown.o(.ARM.Collect$$libshutdown$$00000000)
    __rt_lib_shutdown_cpp_1                  0x080001ab   Thumb Code     0  libshutdown2.o(.ARM.Collect$$libshutdown$$00000004)
    __rt_lib_shutdown_fini_1                 0x080001ab   Thumb Code     0  libshutdown2.o(.ARM.Collect$$libshutdown$$00000002)
    __rt_lib_shutdown_fp_trap_1              0x080001ab   Thumb Code     0  libshutdown2.o(.ARM.Collect$$libshutdown$$00000009)
    __rt_lib_shutdown_heap_1                 0x080001ab   Thumb Code     0  libshutdown2.o(.ARM.Collect$$libshutdown$$00000011)
    __rt_lib_shutdown_return                 0x080001ab   Thumb Code     0  libshutdown2.o(.ARM.Collect$$libshutdown$$00000012)
    __rt_lib_shutdown_signal_1               0x080001ab   Thumb Code     0  libshutdown2.o(.ARM.Collect$$libshutdown$$0000000C)
    __rt_lib_shutdown_stdio_1                0x080001ab   Thumb Code     0  libshutdown2.o(.ARM.Collect$$libshutdown$$00000006)
    __rt_lib_shutdown_user_alloc_1           0x080001ab   Thumb Code     0  libshutdown2.o(.ARM.Collect$$libshutdown$$0000000E)
    __rt_entry                               0x080001ad   Thumb Code     0  __rtentry.o(.ARM.Collect$$rtentry$$00000000)
    __rt_entry_presh_1                       0x080001ad   Thumb Code     0  __rtentry2.o(.ARM.Collect$$rtentry$$00000002)
    __rt_entry_sh                            0x080001ad   Thumb Code     0  __rtentry4.o(.ARM.Collect$$rtentry$$00000004)
    __rt_entry_li                            0x080001b3   Thumb Code     0  __rtentry2.o(.ARM.Collect$$rtentry$$0000000A)
    __rt_entry_postsh_1                      0x080001b3   Thumb Code     0  __rtentry2.o(.ARM.Collect$$rtentry$$00000009)
    __rt_entry_main                          0x080001b7   Thumb Code     0  __rtentry2.o(.ARM.Collect$$rtentry$$0000000D)
    __rt_entry_postli_1                      0x080001b7   Thumb Code     0  __rtentry2.o(.ARM.Collect$$rtentry$$0000000C)
    __rt_exit                                0x080001bf   Thumb Code     0  rtexit.o(.ARM.Collect$$rtexit$$00000000)
    __rt_exit_ls                             0x080001c1   Thumb Code     0  rtexit2.o(.ARM.Collect$$rtexit$$00000003)
    __rt_exit_prels_1                        0x080001c1   Thumb Code     0  rtexit2.o(.ARM.Collect$$rtexit$$00000002)
    __rt_exit_exit                           0x080001c5   Thumb Code     0  rtexit2.o(.ARM.Collect$$rtexit$$00000004)
    $Super$$main                             0x080001cb   Thumb Code    16  main.o(.text)
    NMI_Handler                              0x080001db   Thumb Code     2  stm32f10x_it.o(.text)
    MemManage_Handler                        0x080001dd   Thumb Code     4  stm32f10x_it.o(.text)
    BusFault_Handler                         0x080001e1   Thumb Code     4  stm32f10x_it.o(.text)
    UsageFault_Handler                       0x080001e5   Thumb Code     4  stm32f10x_it.o(.text)
    SVC_Handler                              0x080001e9   Thumb Code     2  stm32f10x_it.o(.text)
    DebugMon_Handler                         0x080001eb   Thumb Code     2  stm32f10x_it.o(.text)
    SystemInit                               0x080002cb   Thumb Code    78  system_stm32f10x.o(.text)
    SystemCoreClockUpdate                    0x08000319   Thumb Code   142  system_stm32f10x.o(.text)
    rt_heap_begin_get                        0x080003cd   Thumb Code     4  board.o(.text)
    rt_heap_end_get                          0x080003d1   Thumb Code     4  board.o(.text)
    rt_hw_board_init                         0x080003d5   Thumb Code   120  board.o(.text)
    SysTick_Handler                          0x0800044d   Thumb Code    16  board.o(.text)
    motor_init                               0x08000475   Thumb Code   370  motor_init.o(.text)
    set_pwm                                  0x080005e7   Thumb Code   112  motor_init.o(.text)
    contrary_park                            0x08000669   Thumb Code   206  foc.o(.text)
    foc_svpwm                                0x08000737   Thumb Code  1382  foc.o(.text)
    AS5600_Init                              0x08000c9d   Thumb Code     8  as5600.o(.text)
    AS5600_Read_Len                          0x08000ca5   Thumb Code   120  as5600.o(.text)
    Get_Angle                                0x08000d1d   Thumb Code    72  as5600.o(.text)
    IIC_Init                                 0x08000d6d   Thumb Code    62  myiic.o(.text)
    SDA_IN                                   0x08000dab   Thumb Code    30  myiic.o(.text)
    SDA_OUT                                  0x08000dc9   Thumb Code    28  myiic.o(.text)
    IIC_Start                                0x08000de5   Thumb Code    44  myiic.o(.text)
    IIC_Stop                                 0x08000e11   Thumb Code    36  myiic.o(.text)
    IIC_Ack                                  0x08000e35   Thumb Code    50  myiic.o(.text)
    IIC_NAck                                 0x08000e67   Thumb Code    48  myiic.o(.text)
    IIC_Wait_Ack                             0x08000e97   Thumb Code    64  myiic.o(.text)
    IIC_Send_Byte                            0x08000ed7   Thumb Code    88  myiic.o(.text)
    IIC_Read_Byte                            0x08000f2f   Thumb Code    82  myiic.o(.text)
    _sys_exit                                0x08000f91   Thumb Code     6  usart.o(.text)
    fputc                                    0x08000f97   Thumb Code    24  usart.o(.text)
    uart_init                                0x08000faf   Thumb Code   152  usart.o(.text)
    USART1_IRQHandler                        0x08001047   Thumb Code   122  usart.o(.text)
    Reset_Handler                            0x080010d1   Thumb Code     8  startup_stm32f10x_hd.o(.text)
    ADC1_2_IRQHandler                        0x080010eb   Thumb Code     0  startup_stm32f10x_hd.o(.text)
    ADC3_IRQHandler                          0x080010eb   Thumb Code     0  startup_stm32f10x_hd.o(.text)
    CAN1_RX1_IRQHandler                      0x080010eb   Thumb Code     0  startup_stm32f10x_hd.o(.text)
    CAN1_SCE_IRQHandler                      0x080010eb   Thumb Code     0  startup_stm32f10x_hd.o(.text)
    DMA1_Channel1_IRQHandler                 0x080010eb   Thumb Code     0  startup_stm32f10x_hd.o(.text)
    DMA1_Channel2_IRQHandler                 0x080010eb   Thumb Code     0  startup_stm32f10x_hd.o(.text)
    DMA1_Channel3_IRQHandler                 0x080010eb   Thumb Code     0  startup_stm32f10x_hd.o(.text)
    DMA1_Channel4_IRQHandler                 0x080010eb   Thumb Code     0  startup_stm32f10x_hd.o(.text)
    DMA1_Channel5_IRQHandler                 0x080010eb   Thumb Code     0  startup_stm32f10x_hd.o(.text)
    DMA1_Channel6_IRQHandler                 0x080010eb   Thumb Code     0  startup_stm32f10x_hd.o(.text)
    DMA1_Channel7_IRQHandler                 0x080010eb   Thumb Code     0  startup_stm32f10x_hd.o(.text)
    DMA2_Channel1_IRQHandler                 0x080010eb   Thumb Code     0  startup_stm32f10x_hd.o(.text)
    DMA2_Channel2_IRQHandler                 0x080010eb   Thumb Code     0  startup_stm32f10x_hd.o(.text)
    DMA2_Channel3_IRQHandler                 0x080010eb   Thumb Code     0  startup_stm32f10x_hd.o(.text)
    DMA2_Channel4_5_IRQHandler               0x080010eb   Thumb Code     0  startup_stm32f10x_hd.o(.text)
    EXTI0_IRQHandler                         0x080010eb   Thumb Code     0  startup_stm32f10x_hd.o(.text)
    EXTI15_10_IRQHandler                     0x080010eb   Thumb Code     0  startup_stm32f10x_hd.o(.text)
    EXTI1_IRQHandler                         0x080010eb   Thumb Code     0  startup_stm32f10x_hd.o(.text)
    EXTI2_IRQHandler                         0x080010eb   Thumb Code     0  startup_stm32f10x_hd.o(.text)
    EXTI3_IRQHandler                         0x080010eb   Thumb Code     0  startup_stm32f10x_hd.o(.text)
    EXTI4_IRQHandler                         0x080010eb   Thumb Code     0  startup_stm32f10x_hd.o(.text)
    EXTI9_5_IRQHandler                       0x080010eb   Thumb Code     0  startup_stm32f10x_hd.o(.text)
    FLASH_IRQHandler                         0x080010eb   Thumb Code     0  startup_stm32f10x_hd.o(.text)
    FSMC_IRQHandler                          0x080010eb   Thumb Code     0  startup_stm32f10x_hd.o(.text)
    I2C1_ER_IRQHandler                       0x080010eb   Thumb Code     0  startup_stm32f10x_hd.o(.text)
    I2C1_EV_IRQHandler                       0x080010eb   Thumb Code     0  startup_stm32f10x_hd.o(.text)
    I2C2_ER_IRQHandler                       0x080010eb   Thumb Code     0  startup_stm32f10x_hd.o(.text)
    I2C2_EV_IRQHandler                       0x080010eb   Thumb Code     0  startup_stm32f10x_hd.o(.text)
    PVD_IRQHandler                           0x080010eb   Thumb Code     0  startup_stm32f10x_hd.o(.text)
    RCC_IRQHandler                           0x080010eb   Thumb Code     0  startup_stm32f10x_hd.o(.text)
    RTCAlarm_IRQHandler                      0x080010eb   Thumb Code     0  startup_stm32f10x_hd.o(.text)
    RTC_IRQHandler                           0x080010eb   Thumb Code     0  startup_stm32f10x_hd.o(.text)
    SDIO_IRQHandler                          0x080010eb   Thumb Code     0  startup_stm32f10x_hd.o(.text)
    SPI1_IRQHandler                          0x080010eb   Thumb Code     0  startup_stm32f10x_hd.o(.text)
    SPI2_IRQHandler                          0x080010eb   Thumb Code     0  startup_stm32f10x_hd.o(.text)
    SPI3_IRQHandler                          0x080010eb   Thumb Code     0  startup_stm32f10x_hd.o(.text)
    TAMPER_IRQHandler                        0x080010eb   Thumb Code     0  startup_stm32f10x_hd.o(.text)
    TIM1_BRK_IRQHandler                      0x080010eb   Thumb Code     0  startup_stm32f10x_hd.o(.text)
    TIM1_CC_IRQHandler                       0x080010eb   Thumb Code     0  startup_stm32f10x_hd.o(.text)
    TIM1_TRG_COM_IRQHandler                  0x080010eb   Thumb Code     0  startup_stm32f10x_hd.o(.text)
    TIM1_UP_IRQHandler                       0x080010eb   Thumb Code     0  startup_stm32f10x_hd.o(.text)
    TIM2_IRQHandler                          0x080010eb   Thumb Code     0  startup_stm32f10x_hd.o(.text)
    TIM3_IRQHandler                          0x080010eb   Thumb Code     0  startup_stm32f10x_hd.o(.text)
    TIM4_IRQHandler                          0x080010eb   Thumb Code     0  startup_stm32f10x_hd.o(.text)
    TIM5_IRQHandler                          0x080010eb   Thumb Code     0  startup_stm32f10x_hd.o(.text)
    TIM6_IRQHandler                          0x080010eb   Thumb Code     0  startup_stm32f10x_hd.o(.text)
    TIM7_IRQHandler                          0x080010eb   Thumb Code     0  startup_stm32f10x_hd.o(.text)
    TIM8_BRK_IRQHandler                      0x080010eb   Thumb Code     0  startup_stm32f10x_hd.o(.text)
    TIM8_CC_IRQHandler                       0x080010eb   Thumb Code     0  startup_stm32f10x_hd.o(.text)
    TIM8_TRG_COM_IRQHandler                  0x080010eb   Thumb Code     0  startup_stm32f10x_hd.o(.text)
    TIM8_UP_IRQHandler                       0x080010eb   Thumb Code     0  startup_stm32f10x_hd.o(.text)
    UART4_IRQHandler                         0x080010eb   Thumb Code     0  startup_stm32f10x_hd.o(.text)
    UART5_IRQHandler                         0x080010eb   Thumb Code     0  startup_stm32f10x_hd.o(.text)
    USART2_IRQHandler                        0x080010eb   Thumb Code     0  startup_stm32f10x_hd.o(.text)
    USART3_IRQHandler                        0x080010eb   Thumb Code     0  startup_stm32f10x_hd.o(.text)
    USBWakeUp_IRQHandler                     0x080010eb   Thumb Code     0  startup_stm32f10x_hd.o(.text)
    USB_HP_CAN1_TX_IRQHandler                0x080010eb   Thumb Code     0  startup_stm32f10x_hd.o(.text)
    USB_LP_CAN1_RX0_IRQHandler               0x080010eb   Thumb Code     0  startup_stm32f10x_hd.o(.text)
    WWDG_IRQHandler                          0x080010eb   Thumb Code     0  startup_stm32f10x_hd.o(.text)
    __user_initial_stackheap                 0x080010ed   Thumb Code     0  startup_stm32f10x_hd.o(.text)
    GPIO_DeInit                              0x08001111   Thumb Code   172  stm32f10x_gpio.o(.text)
    GPIO_AFIODeInit                          0x080011bd   Thumb Code    20  stm32f10x_gpio.o(.text)
    GPIO_Init                                0x080011d1   Thumb Code   278  stm32f10x_gpio.o(.text)
    GPIO_StructInit                          0x080012e7   Thumb Code    16  stm32f10x_gpio.o(.text)
    GPIO_ReadInputDataBit                    0x080012f7   Thumb Code    18  stm32f10x_gpio.o(.text)
    GPIO_ReadInputData                       0x08001309   Thumb Code     8  stm32f10x_gpio.o(.text)
    GPIO_ReadOutputDataBit                   0x08001311   Thumb Code    18  stm32f10x_gpio.o(.text)
    GPIO_ReadOutputData                      0x08001323   Thumb Code     8  stm32f10x_gpio.o(.text)
    GPIO_SetBits                             0x0800132b   Thumb Code     4  stm32f10x_gpio.o(.text)
    GPIO_ResetBits                           0x0800132f   Thumb Code     4  stm32f10x_gpio.o(.text)
    GPIO_WriteBit                            0x08001333   Thumb Code    10  stm32f10x_gpio.o(.text)
    GPIO_Write                               0x0800133d   Thumb Code     4  stm32f10x_gpio.o(.text)
    GPIO_PinLockConfig                       0x08001341   Thumb Code    18  stm32f10x_gpio.o(.text)
    GPIO_EventOutputConfig                   0x08001353   Thumb Code    26  stm32f10x_gpio.o(.text)
    GPIO_EventOutputCmd                      0x0800136d   Thumb Code     6  stm32f10x_gpio.o(.text)
    GPIO_PinRemapConfig                      0x08001373   Thumb Code   138  stm32f10x_gpio.o(.text)
    GPIO_EXTILineConfig                      0x080013fd   Thumb Code    66  stm32f10x_gpio.o(.text)
    GPIO_ETH_MediaInterfaceConfig            0x0800143f   Thumb Code     8  stm32f10x_gpio.o(.text)
    RCC_DeInit                               0x0800146d   Thumb Code    64  stm32f10x_rcc.o(.text)
    RCC_HSEConfig                            0x080014ad   Thumb Code    70  stm32f10x_rcc.o(.text)
    RCC_GetFlagStatus                        0x080014f3   Thumb Code    56  stm32f10x_rcc.o(.text)
    RCC_WaitForHSEStartUp                    0x0800152b   Thumb Code    56  stm32f10x_rcc.o(.text)
    RCC_AdjustHSICalibrationValue            0x08001563   Thumb Code    20  stm32f10x_rcc.o(.text)
    RCC_HSICmd                               0x08001577   Thumb Code     6  stm32f10x_rcc.o(.text)
    RCC_PLLConfig                            0x0800157d   Thumb Code    24  stm32f10x_rcc.o(.text)
    RCC_PLLCmd                               0x08001595   Thumb Code     6  stm32f10x_rcc.o(.text)
    RCC_SYSCLKConfig                         0x0800159b   Thumb Code    18  stm32f10x_rcc.o(.text)
    RCC_GetSYSCLKSource                      0x080015ad   Thumb Code    10  stm32f10x_rcc.o(.text)
    RCC_HCLKConfig                           0x080015b7   Thumb Code    18  stm32f10x_rcc.o(.text)
    RCC_PCLK1Config                          0x080015c9   Thumb Code    18  stm32f10x_rcc.o(.text)
    RCC_PCLK2Config                          0x080015db   Thumb Code    20  stm32f10x_rcc.o(.text)
    RCC_ITConfig                             0x080015ef   Thumb Code    26  stm32f10x_rcc.o(.text)
    RCC_USBCLKConfig                         0x08001609   Thumb Code     8  stm32f10x_rcc.o(.text)
    RCC_ADCCLKConfig                         0x08001611   Thumb Code    18  stm32f10x_rcc.o(.text)
    RCC_LSEConfig                            0x08001623   Thumb Code    50  stm32f10x_rcc.o(.text)
    RCC_LSICmd                               0x08001655   Thumb Code     6  stm32f10x_rcc.o(.text)
    RCC_RTCCLKConfig                         0x0800165b   Thumb Code    12  stm32f10x_rcc.o(.text)
    RCC_RTCCLKCmd                            0x08001667   Thumb Code     8  stm32f10x_rcc.o(.text)
    RCC_GetClocksFreq                        0x0800166f   Thumb Code   192  stm32f10x_rcc.o(.text)
    RCC_AHBPeriphClockCmd                    0x0800172f   Thumb Code    26  stm32f10x_rcc.o(.text)
    RCC_APB2PeriphClockCmd                   0x08001749   Thumb Code    26  stm32f10x_rcc.o(.text)
    RCC_APB1PeriphClockCmd                   0x08001763   Thumb Code    26  stm32f10x_rcc.o(.text)
    RCC_APB2PeriphResetCmd                   0x0800177d   Thumb Code    26  stm32f10x_rcc.o(.text)
    RCC_APB1PeriphResetCmd                   0x08001797   Thumb Code    26  stm32f10x_rcc.o(.text)
    RCC_BackupResetCmd                       0x080017b1   Thumb Code     8  stm32f10x_rcc.o(.text)
    RCC_ClockSecuritySystemCmd               0x080017b9   Thumb Code     6  stm32f10x_rcc.o(.text)
    RCC_MCOConfig                            0x080017bf   Thumb Code     6  stm32f10x_rcc.o(.text)
    RCC_ClearFlag                            0x080017c5   Thumb Code    14  stm32f10x_rcc.o(.text)
    RCC_GetITStatus                          0x080017d3   Thumb Code    20  stm32f10x_rcc.o(.text)
    RCC_ClearITPendingBit                    0x080017e7   Thumb Code     6  stm32f10x_rcc.o(.text)
    USART_DeInit                             0x08001811   Thumb Code   134  stm32f10x_usart.o(.text)
    USART_Init                               0x08001897   Thumb Code   210  stm32f10x_usart.o(.text)
    USART_StructInit                         0x08001969   Thumb Code    24  stm32f10x_usart.o(.text)
    USART_ClockInit                          0x08001981   Thumb Code    34  stm32f10x_usart.o(.text)
    USART_ClockStructInit                    0x080019a3   Thumb Code    12  stm32f10x_usart.o(.text)
    USART_Cmd                                0x080019af   Thumb Code    24  stm32f10x_usart.o(.text)
    USART_ITConfig                           0x080019c7   Thumb Code    74  stm32f10x_usart.o(.text)
    USART_DMACmd                             0x08001a11   Thumb Code    18  stm32f10x_usart.o(.text)
    USART_SetAddress                         0x08001a23   Thumb Code    18  stm32f10x_usart.o(.text)
    USART_WakeUpConfig                       0x08001a35   Thumb Code    18  stm32f10x_usart.o(.text)
    USART_ReceiverWakeUpCmd                  0x08001a47   Thumb Code    24  stm32f10x_usart.o(.text)
    USART_LINBreakDetectLengthConfig         0x08001a5f   Thumb Code    18  stm32f10x_usart.o(.text)
    USART_LINCmd                             0x08001a71   Thumb Code    24  stm32f10x_usart.o(.text)
    USART_SendData                           0x08001a89   Thumb Code     8  stm32f10x_usart.o(.text)
    USART_ReceiveData                        0x08001a91   Thumb Code    10  stm32f10x_usart.o(.text)
    USART_SendBreak                          0x08001a9b   Thumb Code    10  stm32f10x_usart.o(.text)
    USART_SetGuardTime                       0x08001aa5   Thumb Code    16  stm32f10x_usart.o(.text)
    USART_SetPrescaler                       0x08001ab5   Thumb Code    16  stm32f10x_usart.o(.text)
    USART_SmartCardCmd                       0x08001ac5   Thumb Code    24  stm32f10x_usart.o(.text)
    USART_SmartCardNACKCmd                   0x08001add   Thumb Code    24  stm32f10x_usart.o(.text)
    USART_HalfDuplexCmd                      0x08001af5   Thumb Code    24  stm32f10x_usart.o(.text)
    USART_OverSampling8Cmd                   0x08001b0d   Thumb Code    22  stm32f10x_usart.o(.text)
    USART_OneBitMethodCmd                    0x08001b23   Thumb Code    24  stm32f10x_usart.o(.text)
    USART_IrDAConfig                         0x08001b3b   Thumb Code    18  stm32f10x_usart.o(.text)
    USART_IrDACmd                            0x08001b4d   Thumb Code    24  stm32f10x_usart.o(.text)
    USART_GetFlagStatus                      0x08001b65   Thumb Code    26  stm32f10x_usart.o(.text)
    USART_ClearFlag                          0x08001b7f   Thumb Code    18  stm32f10x_usart.o(.text)
    USART_GetITStatus                        0x08001b91   Thumb Code    84  stm32f10x_usart.o(.text)
    USART_ClearITPendingBit                  0x08001be5   Thumb Code    52  stm32f10x_usart.o(.text)
    NVIC_PriorityGroupConfig                 0x08001c19   Thumb Code    10  misc.o(.text)
    NVIC_Init                                0x08001c23   Thumb Code   100  misc.o(.text)
    NVIC_SetVectorTable                      0x08001c87   Thumb Code    14  misc.o(.text)
    NVIC_SystemLPConfig                      0x08001c95   Thumb Code    34  misc.o(.text)
    SysTick_CLKSourceConfig                  0x08001cb7   Thumb Code    40  misc.o(.text)
    TIM_DeInit                               0x08001cf5   Thumb Code   424  stm32f10x_tim.o(.text)
    TIM_TimeBaseInit                         0x08001e9d   Thumb Code   122  stm32f10x_tim.o(.text)
    TIM_OC1Init                              0x08001f17   Thumb Code   132  stm32f10x_tim.o(.text)
    TIM_OC2Init                              0x08001f9b   Thumb Code   154  stm32f10x_tim.o(.text)
    TIM_OC3Init                              0x08002035   Thumb Code   150  stm32f10x_tim.o(.text)
    TIM_OC4Init                              0x080020cb   Thumb Code   182  stm32f10x_tim.o(.text)
    TIM_SetIC4Prescaler                      0x08002181   Thumb Code    26  stm32f10x_tim.o(.text)
    TIM_SetIC3Prescaler                      0x0800221d   Thumb Code    18  stm32f10x_tim.o(.text)
    TIM_SetIC2Prescaler                      0x080022a9   Thumb Code    26  stm32f10x_tim.o(.text)
    TIM_SetIC1Prescaler                      0x08002345   Thumb Code    18  stm32f10x_tim.o(.text)
    TIM_ICInit                               0x080023c3   Thumb Code   150  stm32f10x_tim.o(.text)
    TIM_PWMIConfig                           0x08002459   Thumb Code   124  stm32f10x_tim.o(.text)
    TIM_BDTRConfig                           0x080024d5   Thumb Code    32  stm32f10x_tim.o(.text)
    TIM_TimeBaseStructInit                   0x080024f5   Thumb Code    18  stm32f10x_tim.o(.text)
    TIM_OCStructInit                         0x08002507   Thumb Code    20  stm32f10x_tim.o(.text)
    TIM_ICStructInit                         0x0800251b   Thumb Code    18  stm32f10x_tim.o(.text)
    TIM_BDTRStructInit                       0x0800252d   Thumb Code    40  stm32f10x_tim.o(.text)
    TIM_Cmd                                  0x08002555   Thumb Code    24  stm32f10x_tim.o(.text)
    TIM_CtrlPWMOutputs                       0x0800256d   Thumb Code    30  stm32f10x_tim.o(.text)
    TIM_ITConfig                             0x0800258b   Thumb Code    18  stm32f10x_tim.o(.text)
    TIM_GenerateEvent                        0x0800259d   Thumb Code     4  stm32f10x_tim.o(.text)
    TIM_DMAConfig                            0x080025a1   Thumb Code    10  stm32f10x_tim.o(.text)
    TIM_DMACmd                               0x080025ab   Thumb Code    18  stm32f10x_tim.o(.text)
    TIM_InternalClockConfig                  0x080025bd   Thumb Code    12  stm32f10x_tim.o(.text)
    TIM_SelectInputTrigger                   0x080025c9   Thumb Code    18  stm32f10x_tim.o(.text)
    TIM_ITRxExternalClockConfig              0x080025db   Thumb Code    24  stm32f10x_tim.o(.text)
    TIM_TIxExternalClockConfig               0x080025f3   Thumb Code    62  stm32f10x_tim.o(.text)
    TIM_ETRConfig                            0x08002631   Thumb Code    28  stm32f10x_tim.o(.text)
    TIM_ETRClockMode1Config                  0x0800264d   Thumb Code    54  stm32f10x_tim.o(.text)
    TIM_ETRClockMode2Config                  0x08002683   Thumb Code    32  stm32f10x_tim.o(.text)
    TIM_PrescalerConfig                      0x080026a3   Thumb Code     6  stm32f10x_tim.o(.text)
    TIM_CounterModeConfig                    0x080026a9   Thumb Code    18  stm32f10x_tim.o(.text)
    TIM_EncoderInterfaceConfig               0x080026bb   Thumb Code    66  stm32f10x_tim.o(.text)
    TIM_ForcedOC1Config                      0x080026fd   Thumb Code    18  stm32f10x_tim.o(.text)
    TIM_ForcedOC2Config                      0x0800270f   Thumb Code    26  stm32f10x_tim.o(.text)
    TIM_ForcedOC3Config                      0x08002729   Thumb Code    18  stm32f10x_tim.o(.text)
    TIM_ForcedOC4Config                      0x0800273b   Thumb Code    26  stm32f10x_tim.o(.text)
    TIM_ARRPreloadConfig                     0x08002755   Thumb Code    24  stm32f10x_tim.o(.text)
    TIM_SelectCOM                            0x0800276d   Thumb Code    24  stm32f10x_tim.o(.text)
    TIM_SelectCCDMA                          0x08002785   Thumb Code    24  stm32f10x_tim.o(.text)
    TIM_CCPreloadControl                     0x0800279d   Thumb Code    24  stm32f10x_tim.o(.text)
    TIM_OC1PreloadConfig                     0x080027b5   Thumb Code    18  stm32f10x_tim.o(.text)
    TIM_OC2PreloadConfig                     0x080027c7   Thumb Code    26  stm32f10x_tim.o(.text)
    TIM_OC3PreloadConfig                     0x080027e1   Thumb Code    18  stm32f10x_tim.o(.text)
    TIM_OC4PreloadConfig                     0x080027f3   Thumb Code    26  stm32f10x_tim.o(.text)
    TIM_OC1FastConfig                        0x0800280d   Thumb Code    18  stm32f10x_tim.o(.text)
    TIM_OC2FastConfig                        0x0800281f   Thumb Code    26  stm32f10x_tim.o(.text)
    TIM_OC3FastConfig                        0x08002839   Thumb Code    18  stm32f10x_tim.o(.text)
    TIM_OC4FastConfig                        0x0800284b   Thumb Code    26  stm32f10x_tim.o(.text)
    TIM_ClearOC1Ref                          0x08002865   Thumb Code    18  stm32f10x_tim.o(.text)
    TIM_ClearOC2Ref                          0x08002877   Thumb Code    24  stm32f10x_tim.o(.text)
    TIM_ClearOC3Ref                          0x0800288f   Thumb Code    18  stm32f10x_tim.o(.text)
    TIM_ClearOC4Ref                          0x080028a1   Thumb Code    24  stm32f10x_tim.o(.text)
    TIM_OC1PolarityConfig                    0x080028b9   Thumb Code    18  stm32f10x_tim.o(.text)
    TIM_OC1NPolarityConfig                   0x080028cb   Thumb Code    18  stm32f10x_tim.o(.text)
    TIM_OC2PolarityConfig                    0x080028dd   Thumb Code    26  stm32f10x_tim.o(.text)
    TIM_OC2NPolarityConfig                   0x080028f7   Thumb Code    26  stm32f10x_tim.o(.text)
    TIM_OC3PolarityConfig                    0x08002911   Thumb Code    26  stm32f10x_tim.o(.text)
    TIM_OC3NPolarityConfig                   0x0800292b   Thumb Code    26  stm32f10x_tim.o(.text)
    TIM_OC4PolarityConfig                    0x08002945   Thumb Code    26  stm32f10x_tim.o(.text)
    TIM_CCxCmd                               0x0800295f   Thumb Code    30  stm32f10x_tim.o(.text)
    TIM_CCxNCmd                              0x0800297d   Thumb Code    30  stm32f10x_tim.o(.text)
    TIM_SelectOCxM                           0x0800299b   Thumb Code    82  stm32f10x_tim.o(.text)
    TIM_UpdateDisableConfig                  0x080029ed   Thumb Code    24  stm32f10x_tim.o(.text)
    TIM_UpdateRequestConfig                  0x08002a05   Thumb Code    24  stm32f10x_tim.o(.text)
    TIM_SelectHallSensor                     0x08002a1d   Thumb Code    24  stm32f10x_tim.o(.text)
    TIM_SelectOnePulseMode                   0x08002a35   Thumb Code    18  stm32f10x_tim.o(.text)
    TIM_SelectOutputTrigger                  0x08002a47   Thumb Code    18  stm32f10x_tim.o(.text)
    TIM_SelectSlaveMode                      0x08002a59   Thumb Code    18  stm32f10x_tim.o(.text)
    TIM_SelectMasterSlaveMode                0x08002a6b   Thumb Code    18  stm32f10x_tim.o(.text)
    TIM_SetCounter                           0x08002a7d   Thumb Code     4  stm32f10x_tim.o(.text)
    TIM_SetAutoreload                        0x08002a81   Thumb Code     4  stm32f10x_tim.o(.text)
    TIM_SetCompare1                          0x08002a85   Thumb Code     4  stm32f10x_tim.o(.text)
    TIM_SetCompare2                          0x08002a89   Thumb Code     4  stm32f10x_tim.o(.text)
    TIM_SetCompare3                          0x08002a8d   Thumb Code     4  stm32f10x_tim.o(.text)
    TIM_SetCompare4                          0x08002a91   Thumb Code     6  stm32f10x_tim.o(.text)
    TIM_SetClockDivision                     0x08002a97   Thumb Code    18  stm32f10x_tim.o(.text)
    TIM_GetCapture1                          0x08002aa9   Thumb Code     6  stm32f10x_tim.o(.text)
    TIM_GetCapture2                          0x08002aaf   Thumb Code     6  stm32f10x_tim.o(.text)
    TIM_GetCapture3                          0x08002ab5   Thumb Code     6  stm32f10x_tim.o(.text)
    TIM_GetCapture4                          0x08002abb   Thumb Code     8  stm32f10x_tim.o(.text)
    TIM_GetCounter                           0x08002ac3   Thumb Code     6  stm32f10x_tim.o(.text)
    TIM_GetPrescaler                         0x08002ac9   Thumb Code     6  stm32f10x_tim.o(.text)
    TIM_GetFlagStatus                        0x08002acf   Thumb Code    18  stm32f10x_tim.o(.text)
    TIM_ClearFlag                            0x08002ae1   Thumb Code     6  stm32f10x_tim.o(.text)
    TIM_GetITStatus                          0x08002ae7   Thumb Code    34  stm32f10x_tim.o(.text)
    TIM_ClearITPendingBit                    0x08002b09   Thumb Code     6  stm32f10x_tim.o(.text)
    rt_system_tick_init                      0x08002b11   Thumb Code     2  clock.o(.text)
    rt_tick_get                              0x08002b13   Thumb Code     6  clock.o(.text)
    rt_tick_set                              0x08002b19   Thumb Code    22  clock.o(.text)
    rt_tick_increase                         0x08002b2f   Thumb Code    42  clock.o(.text)
    rt_tick_from_millisecond                 0x08002b59   Thumb Code    58  clock.o(.text)
    rt_components_board_init                 0x08002bad   Thumb Code    20  components.o(.text)
    rt_components_init                       0x08002bc1   Thumb Code    20  components.o(.text)
    main_thread_entry                        0x08002bd5   Thumb Code    14  components.o(.text)
    rt_application_init                      0x08002be3   Thumb Code    36  components.o(.text)
    rtthread_startup                         0x08002c07   Thumb Code    42  components.o(.text)
    main                                     0x08002c31   Thumb Code    10  components.o(.text)
    rt_thread_idle_excute                    0x08002c51   Thumb Code    92  idle.o(.text)
    rt_thread_idle_init                      0x08002cb5   Thumb Code    38  idle.o(.text)
    rt_thread_idle_gethandler                0x08002cdb   Thumb Code     4  idle.o(.text)
    rt_sem_init                              0x08002da7   Thumb Code    38  ipc.o(.text)
    rt_sem_detach                            0x08002dcd   Thumb Code    22  ipc.o(.text)
    rt_sem_create                            0x08002de3   Thumb Code    42  ipc.o(.text)
    rt_sem_delete                            0x08002e0d   Thumb Code    22  ipc.o(.text)
    rt_sem_take                              0x08002e23   Thumb Code   116  ipc.o(.text)
    rt_sem_trytake                           0x08002e97   Thumb Code    14  ipc.o(.text)
    rt_sem_release                           0x08002ea5   Thumb Code    82  ipc.o(.text)
    rt_sem_control                           0x08002ef7   Thumb Code    54  ipc.o(.text)
    rt_mb_init                               0x08002f2d   Thumb Code    62  ipc.o(.text)
    rt_mb_detach                             0x08002f6b   Thumb Code    30  ipc.o(.text)
    rt_mb_create                             0x08002f89   Thumb Code    82  ipc.o(.text)
    rt_mb_delete                             0x08002fdb   Thumb Code    36  ipc.o(.text)
    rt_mb_send_wait                          0x08002fff   Thumb Code   270  ipc.o(.text)
    rt_mb_send                               0x0800310d   Thumb Code    18  ipc.o(.text)
    rt_mb_recv                               0x0800311f   Thumb Code   250  ipc.o(.text)
    rt_mb_control                            0x08003219   Thumb Code    66  ipc.o(.text)
    rt_mq_init                               0x0800325b   Thumb Code   114  ipc.o(.text)
    rt_mq_detach                             0x080032cd   Thumb Code    30  ipc.o(.text)
    rt_mq_create                             0x080032eb   Thumb Code   136  ipc.o(.text)
    rt_mq_delete                             0x08003373   Thumb Code    36  ipc.o(.text)
    rt_mq_send_wait                          0x08003397   Thumb Code   300  ipc.o(.text)
    rt_mq_send                               0x080034c3   Thumb Code    22  ipc.o(.text)
    rt_mq_urgent                             0x080034d9   Thumb Code   156  ipc.o(.text)
    rt_mq_recv                               0x08003575   Thumb Code   290  ipc.o(.text)
    rt_mq_control                            0x08003697   Thumb Code    90  ipc.o(.text)
    rt_interrupt_enter                       0x0800372d   Thumb Code    26  irq.o(.text)
    rt_interrupt_leave                       0x08003747   Thumb Code    26  irq.o(.text)
    rt_interrupt_get_nest                    0x08003761   Thumb Code    22  irq.o(.text)
    rt_get_errno                             0x0800377d   Thumb Code    32  kservice.o(.text)
    rt_set_errno                             0x0800379d   Thumb Code    36  kservice.o(.text)
    _rt_errno                                0x080037c1   Thumb Code    30  kservice.o(.text)
    rt_memset                                0x080037df   Thumb Code    72  kservice.o(.text)
    rt_memcpy                                0x08003827   Thumb Code   124  kservice.o(.text)
    rt_memmove                               0x080038a3   Thumb Code    66  kservice.o(.text)
    rt_memcmp                                0x080038e5   Thumb Code    38  kservice.o(.text)
    rt_strlen                                0x0800390b   Thumb Code    18  kservice.o(.text)
    rt_strstr                                0x0800391d   Thumb Code    58  kservice.o(.text)
    rt_strcasecmp                            0x08003957   Thumb Code    48  kservice.o(.text)
    rt_strncpy                               0x08003987   Thumb Code    52  kservice.o(.text)
    rt_strncmp                               0x080039bb   Thumb Code    40  kservice.o(.text)
    rt_strcmp                                0x080039e3   Thumb Code    28  kservice.o(.text)
    rt_strnlen                               0x080039ff   Thumb Code    24  kservice.o(.text)
    rt_strdup                                0x08003a17   Thumb Code    40  kservice.o(.text)
    strdup                                   0x08003a17   Thumb Code     0  kservice.o(.text)
    rt_hw_console_output                     0x08003a3f   Thumb Code     2  kservice.o(.text)
    rt_vsnprintf                             0x08003c05   Thumb Code   824  kservice.o(.text)
    rt_kprintf                               0x08003f3d   Thumb Code    44  kservice.o(.text)
    rt_show_version                          0x08003f69   Thumb Code    38  kservice.o(.text)
    rt_snprintf                              0x08003f8f   Thumb Code    38  kservice.o(.text)
    rt_vsprintf                              0x08003fb5   Thumb Code    22  kservice.o(.text)
    rt_sprintf                               0x08003fcb   Thumb Code    34  kservice.o(.text)
    rt_kputs                                 0x08003fed   Thumb Code    18  kservice.o(.text)
    rt_malloc_align                          0x08003fff   Thumb Code    70  kservice.o(.text)
    rt_free_align                            0x08004045   Thumb Code    16  kservice.o(.text)
    __rt_ffs                                 0x08004055   Thumb Code    70  kservice.o(.text)
    rt_system_heap_init                      0x080041a1   Thumb Code   160  mem.o(.text)
    rt_malloc                                0x08004241   Thumb Code   336  mem.o(.text)
    rt_free                                  0x08004391   Thumb Code   128  mem.o(.text)
    rt_realloc                               0x08004411   Thumb Code   458  mem.o(.text)
    rt_calloc                                0x080045db   Thumb Code    34  mem.o(.text)
    rt_memory_info                           0x080045fd   Thumb Code    26  mem.o(.text)
    rt_system_object_init                    0x08004645   Thumb Code     2  object.o(.text)
    rt_object_get_information                0x08004647   Thumb Code    36  object.o(.text)
    rt_object_get_length                     0x0800466b   Thumb Code    58  object.o(.text)
    rt_object_get_pointers                   0x080046a5   Thumb Code    86  object.o(.text)
    rt_object_init                           0x080046fb   Thumb Code    86  object.o(.text)
    rt_object_detach                         0x08004751   Thumb Code    30  object.o(.text)
    rt_object_allocate                       0x0800476f   Thumb Code    84  object.o(.text)
    rt_object_delete                         0x080047c3   Thumb Code    36  object.o(.text)
    rt_object_is_systemobject                0x080047e7   Thumb Code    18  object.o(.text)
    rt_object_get_type                       0x080047f9   Thumb Code    10  object.o(.text)
    rt_object_find                           0x08004803   Thumb Code    82  object.o(.text)
    rt_system_scheduler_init                 0x08004859   Thumb Code    52  scheduler.o(.text)
    rt_system_scheduler_start                0x0800488d   Thumb Code    36  scheduler.o(.text)
    rt_schedule                              0x080048b1   Thumb Code   106  scheduler.o(.text)
    rt_schedule_insert_thread                0x0800491b   Thumb Code    72  scheduler.o(.text)
    rt_schedule_remove_thread                0x08004963   Thumb Code    76  scheduler.o(.text)
    rt_enter_critical                        0x080049af   Thumb Code    28  scheduler.o(.text)
    rt_exit_critical                         0x080049cb   Thumb Code    60  scheduler.o(.text)
    rt_critical_level                        0x08004a07   Thumb Code     8  scheduler.o(.text)
    rt_thread_exit                           0x08004a6d   Thumb Code    78  thread.o(.text)
    rt_thread_timeout                        0x08004abb   Thumb Code    32  thread.o(.text)
    rt_thread_init                           0x08004b5b   Thumb Code    52  thread.o(.text)
    rt_thread_self                           0x08004b8f   Thumb Code     6  thread.o(.text)
    rt_thread_resume                         0x08004b95   Thumb Code    60  thread.o(.text)
    rt_thread_startup                        0x08004bd1   Thumb Code    44  thread.o(.text)
    rt_thread_detach                         0x08004bfd   Thumb Code   100  thread.o(.text)
    rt_thread_create                         0x08004c61   Thumb Code    80  thread.o(.text)
    rt_thread_delete                         0x08004cb1   Thumb Code    82  thread.o(.text)
    rt_thread_yield                          0x08004d03   Thumb Code    92  thread.o(.text)
    rt_thread_suspend                        0x08004d5f   Thumb Code    68  thread.o(.text)
    rt_thread_sleep                          0x08004da3   Thumb Code    62  thread.o(.text)
    rt_thread_delay                          0x08004de1   Thumb Code    12  thread.o(.text)
    rt_thread_delay_until                    0x08004ded   Thumb Code   124  thread.o(.text)
    rt_thread_mdelay                         0x08004e69   Thumb Code    20  thread.o(.text)
    rt_thread_control                        0x08004e7d   Thumb Code   136  thread.o(.text)
    rt_thread_find                           0x08004f05   Thumb Code    14  thread.o(.text)
    rt_timer_init                            0x08004fbf   Thumb Code    46  timer.o(.text)
    rt_timer_detach                          0x08004fed   Thumb Code    40  timer.o(.text)
    rt_timer_create                          0x08005015   Thumb Code    54  timer.o(.text)
    rt_timer_delete                          0x0800504b   Thumb Code    40  timer.o(.text)
    rt_timer_start                           0x08005073   Thumb Code   226  timer.o(.text)
    rt_timer_stop                            0x08005155   Thumb Code    48  timer.o(.text)
    rt_timer_control                         0x08005185   Thumb Code    98  timer.o(.text)
    rt_timer_check                           0x080051e7   Thumb Code   160  timer.o(.text)
    rt_timer_next_timeout_tick               0x08005287   Thumb Code    10  timer.o(.text)
    rt_system_timer_init                     0x08005291   Thumb Code    24  timer.o(.text)
    rt_system_timer_thread_init              0x080052a9   Thumb Code     2  timer.o(.text)
    rt_hw_interrupt_disable                  0x080052c9   Thumb Code     8  context_rvds.o(.text)
    rt_hw_interrupt_enable                   0x080052d1   Thumb Code     6  context_rvds.o(.text)
    rt_hw_context_switch                     0x080052d7   Thumb Code    32  context_rvds.o(.text)
    rt_hw_context_switch_interrupt           0x080052d7   Thumb Code     0  context_rvds.o(.text)
    PendSV_Handler                           0x080052f7   Thumb Code    60  context_rvds.o(.text)
    rt_hw_context_switch_to                  0x08005333   Thumb Code    56  context_rvds.o(.text)
    rt_hw_interrupt_thread_switch            0x0800536b   Thumb Code     2  context_rvds.o(.text)
    HardFault_Handler                        0x0800536d   Thumb Code    52  context_rvds.o(.text)
    rt_hw_stack_init                         0x080053bd   Thumb Code    70  cpuport.o(.text)
    rt_hw_exception_install                  0x08005403   Thumb Code     6  cpuport.o(.text)
    rt_hw_hard_fault_exception               0x08005409   Thumb Code   190  cpuport.o(.text)
    rt_hw_cpu_shutdown                       0x080054c7   Thumb Code    10  cpuport.o(.text)
    rt_hw_cpu_reset                          0x080054d1   Thumb Code     8  cpuport.o(.text)
    create_thread                            0x08005715   Thumb Code    44  thread_manage.o(.text)
    __use_no_semihosting                     0x0800578d   Thumb Code     2  use_no_semi_2.o(.text)
    __use_two_region_memory                  0x0800578f   Thumb Code     2  heapauxi.o(.text)
    __rt_heap_escrow$2region                 0x08005791   Thumb Code     2  heapauxi.o(.text)
    __rt_heap_expand$2region                 0x08005793   Thumb Code     2  heapauxi.o(.text)
    __I$use$semihosting                      0x08005795   Thumb Code     0  use_no_semi.o(.text)
    __use_no_semihosting_swi                 0x08005795   Thumb Code     2  use_no_semi.o(.text)
    __read_errno                             0x08005797   Thumb Code    10  _rserrno.o(.text)
    __set_errno                              0x080057a1   Thumb Code    12  _rserrno.o(.text)
    __aeabi_errno_addr                       0x080057ad   Thumb Code     8  rt_errno_addr_intlibspace.o(.text)
    __errno$intlibspace                      0x080057ad   Thumb Code     0  rt_errno_addr_intlibspace.o(.text)
    __rt_errno_addr$intlibspace              0x080057ad   Thumb Code     0  rt_errno_addr_intlibspace.o(.text)
    __user_libspace                          0x080057b5   Thumb Code     8  libspace.o(.text)
    __user_perproc_libspace                  0x080057b5   Thumb Code     0  libspace.o(.text)
    __user_perthread_libspace                0x080057b5   Thumb Code     0  libspace.o(.text)
    __user_setup_stackheap                   0x080057bd   Thumb Code    74  sys_stackheap_outer.o(.text)
    exit                                     0x08005807   Thumb Code    18  exit.o(.text)
    __ARM_fpclassify                         0x08005819   Thumb Code    40  fpclassify.o(i.__ARM_fpclassify)
    __ieee754_rem_pio2                       0x08005841   Thumb Code   828  rred.o(i.__ieee754_rem_pio2)
    __kernel_cos                             0x08005bc9   Thumb Code   230  cos_i.o(i.__kernel_cos)
    __kernel_poly                            0x08005cc5   Thumb Code   170  poly.o(i.__kernel_poly)
    __kernel_sin                             0x08005d71   Thumb Code   224  sin_i.o(i.__kernel_sin)
    __mathlib_dbl_infnan                     0x08005e5d   Thumb Code     6  dunder.o(i.__mathlib_dbl_infnan)
    __mathlib_dbl_invalid                    0x08005e63   Thumb Code    12  dunder.o(i.__mathlib_dbl_invalid)
    __mathlib_dbl_underflow                  0x08005e71   Thumb Code    10  dunder.o(i.__mathlib_dbl_underflow)
    cos                                      0x08005e81   Thumb Code   148  cos.o(i.cos)
    sin                                      0x08005f1d   Thumb Code   150  sin.o(i.sin)
    sqrt                                     0x08005fbd   Thumb Code    76  sqrt.o(i.sqrt)
    __aeabi_d2f                              0x08006009   Thumb Code     0  d2f.o(x$fpl$d2f)
    _d2f                                     0x08006009   Thumb Code    98  d2f.o(x$fpl$d2f)
    __aeabi_dadd                             0x0800606d   Thumb Code     0  daddsub_clz.o(x$fpl$dadd)
    _dadd                                    0x0800606d   Thumb Code   332  daddsub_clz.o(x$fpl$dadd)
    __fpl_dcheck_NaN1                        0x080061bd   Thumb Code    10  dcheck1.o(x$fpl$dcheck1)
    __aeabi_ddiv                             0x080061cd   Thumb Code     0  ddiv.o(x$fpl$ddiv)
    _ddiv                                    0x080061cd   Thumb Code   552  ddiv.o(x$fpl$ddiv)
    __aeabi_d2iz                             0x0800647d   Thumb Code     0  dfix.o(x$fpl$dfix)
    _dfix                                    0x0800647d   Thumb Code    94  dfix.o(x$fpl$dfix)
    __aeabi_i2d                              0x080064db   Thumb Code     0  dflt_clz.o(x$fpl$dflt)
    _dflt                                    0x080064db   Thumb Code    46  dflt_clz.o(x$fpl$dflt)
    __aeabi_ui2d                             0x08006509   Thumb Code     0  dflt_clz.o(x$fpl$dfltu)
    _dfltu                                   0x08006509   Thumb Code    38  dflt_clz.o(x$fpl$dfltu)
    __aeabi_dmul                             0x08006531   Thumb Code     0  dmul.o(x$fpl$dmul)
    _dmul                                    0x08006531   Thumb Code   332  dmul.o(x$fpl$dmul)
    __fpl_dnaninf                            0x08006685   Thumb Code   156  dnaninf.o(x$fpl$dnaninf)
    __fpl_dretinf                            0x08006721   Thumb Code    12  dretinf.o(x$fpl$dretinf)
    __aeabi_drsub                            0x0800672d   Thumb Code     0  daddsub_clz.o(x$fpl$drsb)
    _drsb                                    0x0800672d   Thumb Code    22  daddsub_clz.o(x$fpl$drsb)
    _dsqrt                                   0x08006745   Thumb Code   456  dsqrt_noumaal.o(x$fpl$dsqrt)
    __aeabi_dsub                             0x08006911   Thumb Code     0  daddsub_clz.o(x$fpl$dsub)
    _dsub                                    0x08006911   Thumb Code   464  daddsub_clz.o(x$fpl$dsub)
    __aeabi_f2d                              0x08006ae5   Thumb Code     0  f2d.o(x$fpl$f2d)
    _f2d                                     0x08006ae5   Thumb Code    86  f2d.o(x$fpl$f2d)
    __aeabi_fadd                             0x08006b3d   Thumb Code     0  faddsub_clz.o(x$fpl$fadd)
    _fadd                                    0x08006b3d   Thumb Code   196  faddsub_clz.o(x$fpl$fadd)
    __fpl_fcmp_Inf                           0x08006c01   Thumb Code    24  fcmpi.o(x$fpl$fcmpinf)
    __aeabi_fdiv                             0x08006c19   Thumb Code     0  fdiv.o(x$fpl$fdiv)
    _fdiv                                    0x08006c19   Thumb Code   384  fdiv.o(x$fpl$fdiv)
    __aeabi_f2iz                             0x08006d9d   Thumb Code     0  ffix.o(x$fpl$ffix)
    _ffix                                    0x08006d9d   Thumb Code    54  ffix.o(x$fpl$ffix)
    __aeabi_cfcmple                          0x08006dd5   Thumb Code     0  fleqf.o(x$fpl$fleqf)
    _fcmple                                  0x08006dd5   Thumb Code   104  fleqf.o(x$fpl$fleqf)
    __fpl_fcmple_InfNaN                      0x08006e27   Thumb Code     0  fleqf.o(x$fpl$fleqf)
    __aeabi_fmul                             0x08006e3d   Thumb Code     0  fmul.o(x$fpl$fmul)
    _fmul                                    0x08006e3d   Thumb Code   258  fmul.o(x$fpl$fmul)
    __fpl_fnaninf                            0x08006f3f   Thumb Code   140  fnaninf.o(x$fpl$fnaninf)
    __fpl_fretinf                            0x08006fcb   Thumb Code    10  fretinf.o(x$fpl$fretinf)
    __aeabi_cfrcmple                         0x08006fd5   Thumb Code     0  frleqf.o(x$fpl$frleqf)
    _frcmple                                 0x08006fd5   Thumb Code    98  frleqf.o(x$fpl$frleqf)
    __aeabi_fsub                             0x08007039   Thumb Code     0  faddsub_clz.o(x$fpl$fsub)
    _fsub                                    0x08007039   Thumb Code   234  faddsub_clz.o(x$fpl$fsub)
    __fpl_return_NaN                         0x08007123   Thumb Code   100  retnan.o(x$fpl$retnan)
    __ARM_scalbn                             0x08007187   Thumb Code    92  scalbn.o(x$fpl$scalbn)
    __fpl_cmpreturn                          0x080071e3   Thumb Code    48  trapv.o(x$fpl$trapveneer)
    __I$use$fp                               0x08007212   Number         0  usenofp.o(x$fpl$usenofp)
    __lowest_bit_bitmap                      0x08007212   Data         256  kservice.o(.constdata)
    __rt_init_rti_start                      0x08007458   Data           4  components.o(.rti_fn.0)
    __rt_init_rti_board_start                0x0800745c   Data           4  components.o(.rti_fn.0.end)
    __rt_init_rti_board_end                  0x08007460   Data           4  components.o(.rti_fn.1.end)
    __rt_init_rti_end                        0x08007464   Data           4  components.o(.rti_fn.6.end)
    Region$$Table$$Base                      0x08007468   Number         0  anon$$obj.o(Region$$Table)
    Region$$Table$$Limit                     0x08007488   Number         0  anon$$obj.o(Region$$Table)
    SystemCoreClock                          0x20000000   Data           4  system_stm32f10x.o(.data)
    AHBPrescTable                            0x20000004   Data          16  system_stm32f10x.o(.data)
    alpha_beta_voltage1                      0x20000014   Data           8  foc.o(.data)
    alpha_beta_voltage2                      0x2000001c   Data           8  foc.o(.data)
    alpha_beta_voltage3                      0x20000024   Data           8  foc.o(.data)
    __stdout                                 0x2000002c   Data           4  usart.o(.data)
    USART_RX_STA                             0x20000030   Data           2  usart.o(.data)
    rt_interrupt_nest                        0x2000004c   Data           1  irq.o(.data)
    rt_thread_ready_priority_group           0x200000bc   Data           4  scheduler.o(.data)
    rt_current_thread                        0x200000c4   Data           4  scheduler.o(.data)
    rt_current_priority                      0x200000c8   Data           1  scheduler.o(.data)
    rt_thread_defunct                        0x200000cc   Data           8  scheduler.o(.data)
    rt_interrupt_from_thread                 0x200000e0   Data           4  cpuport.o(.data)
    rt_interrupt_to_thread                   0x200000e4   Data           4  cpuport.o(.data)
    rt_thread_switch_interrupt_flag          0x200000e8   Data           4  cpuport.o(.data)
    angle                                    0x200000f0   Data           4  thread_manage.o(.data)
    el_angle                                 0x200000f4   Data           4  thread_manage.o(.data)
    svpwm1                                   0x200020fc   Data          60  foc.o(.bss)
    svpwm2                                   0x20002138   Data          60  foc.o(.bss)
    svpwm3                                   0x20002174   Data          60  foc.o(.bss)
    USART_RX_BUF                             0x200021b0   Data         200  usart.o(.bss)
    rt_thread_priority_table                 0x20002510   Data         256  scheduler.o(.bss)
    __libspace_start                         0x20002610   Data          96  libspace.o(.bss)
    __temporary_stack_top$libspace           0x20002670   Data           0  libspace.o(.bss)



==============================================================================

Memory Map of the image

  Image Entry point : 0x08000131

  Load Region LR_IROM1 (Base: 0x08000000, Size: 0x00007584, Max: 0x00010000, ABSOLUTE)

    Execution Region ER_IROM1 (Exec base: 0x08000000, Load base: 0x08000000, Size: 0x00007488, Max: 0x00010000, ABSOLUTE)

    Exec Addr    Load Addr    Size         Type   Attr      Idx    E Section Name        Object

    0x08000000   0x08000000   0x00000130   Data   RO          379    RESET               startup_stm32f10x_hd.o
    0x08000130   0x08000130   0x00000008   Code   RO          704  * !!!main             c_w.l(__main.o)
    0x08000138   0x08000138   0x00000034   Code   RO          995    !!!scatter          c_w.l(__scatter.o)
    0x0800016c   0x0800016c   0x0000001a   Code   RO          997    !!handler_copy      c_w.l(__scatter_copy.o)
    0x08000186   0x08000186   0x00000002   PAD
    0x08000188   0x08000188   0x0000001c   Code   RO          999    !!handler_zi        c_w.l(__scatter_zi.o)
    0x080001a4   0x080001a4   0x00000002   Code   RO          864    .ARM.Collect$$libinit$$00000000  c_w.l(libinit.o)
    0x080001a6   0x080001a6   0x00000000   Code   RO          870    .ARM.Collect$$libinit$$00000002  c_w.l(libinit2.o)
    0x080001a6   0x080001a6   0x00000000   Code   RO          872    .ARM.Collect$$libinit$$00000004  c_w.l(libinit2.o)
    0x080001a6   0x080001a6   0x00000000   Code   RO          875    .ARM.Collect$$libinit$$0000000A  c_w.l(libinit2.o)
    0x080001a6   0x080001a6   0x00000000   Code   RO          877    .ARM.Collect$$libinit$$0000000C  c_w.l(libinit2.o)
    0x080001a6   0x080001a6   0x00000000   Code   RO          879    .ARM.Collect$$libinit$$0000000E  c_w.l(libinit2.o)
    0x080001a6   0x080001a6   0x00000000   Code   RO          882    .ARM.Collect$$libinit$$00000011  c_w.l(libinit2.o)
    0x080001a6   0x080001a6   0x00000000   Code   RO          884    .ARM.Collect$$libinit$$00000013  c_w.l(libinit2.o)
    0x080001a6   0x080001a6   0x00000000   Code   RO          886    .ARM.Collect$$libinit$$00000015  c_w.l(libinit2.o)
    0x080001a6   0x080001a6   0x00000000   Code   RO          888    .ARM.Collect$$libinit$$00000017  c_w.l(libinit2.o)
    0x080001a6   0x080001a6   0x00000000   Code   RO          890    .ARM.Collect$$libinit$$00000019  c_w.l(libinit2.o)
    0x080001a6   0x080001a6   0x00000000   Code   RO          892    .ARM.Collect$$libinit$$0000001B  c_w.l(libinit2.o)
    0x080001a6   0x080001a6   0x00000000   Code   RO          894    .ARM.Collect$$libinit$$0000001D  c_w.l(libinit2.o)
    0x080001a6   0x080001a6   0x00000000   Code   RO          896    .ARM.Collect$$libinit$$0000001F  c_w.l(libinit2.o)
    0x080001a6   0x080001a6   0x00000000   Code   RO          898    .ARM.Collect$$libinit$$00000021  c_w.l(libinit2.o)
    0x080001a6   0x080001a6   0x00000000   Code   RO          900    .ARM.Collect$$libinit$$00000023  c_w.l(libinit2.o)
    0x080001a6   0x080001a6   0x00000000   Code   RO          902    .ARM.Collect$$libinit$$00000025  c_w.l(libinit2.o)
    0x080001a6   0x080001a6   0x00000000   Code   RO          906    .ARM.Collect$$libinit$$0000002C  c_w.l(libinit2.o)
    0x080001a6   0x080001a6   0x00000000   Code   RO          908    .ARM.Collect$$libinit$$0000002E  c_w.l(libinit2.o)
    0x080001a6   0x080001a6   0x00000000   Code   RO          910    .ARM.Collect$$libinit$$00000030  c_w.l(libinit2.o)
    0x080001a6   0x080001a6   0x00000000   Code   RO          912    .ARM.Collect$$libinit$$00000032  c_w.l(libinit2.o)
    0x080001a6   0x080001a6   0x00000002   Code   RO          913    .ARM.Collect$$libinit$$00000033  c_w.l(libinit2.o)
    0x080001a8   0x080001a8   0x00000002   Code   RO          935    .ARM.Collect$$libshutdown$$00000000  c_w.l(libshutdown.o)
    0x080001aa   0x080001aa   0x00000000   Code   RO          945    .ARM.Collect$$libshutdown$$00000002  c_w.l(libshutdown2.o)
    0x080001aa   0x080001aa   0x00000000   Code   RO          947    .ARM.Collect$$libshutdown$$00000004  c_w.l(libshutdown2.o)
    0x080001aa   0x080001aa   0x00000000   Code   RO          949    .ARM.Collect$$libshutdown$$00000006  c_w.l(libshutdown2.o)
    0x080001aa   0x080001aa   0x00000000   Code   RO          952    .ARM.Collect$$libshutdown$$00000009  c_w.l(libshutdown2.o)
    0x080001aa   0x080001aa   0x00000000   Code   RO          955    .ARM.Collect$$libshutdown$$0000000C  c_w.l(libshutdown2.o)
    0x080001aa   0x080001aa   0x00000000   Code   RO          957    .ARM.Collect$$libshutdown$$0000000E  c_w.l(libshutdown2.o)
    0x080001aa   0x080001aa   0x00000000   Code   RO          960    .ARM.Collect$$libshutdown$$00000011  c_w.l(libshutdown2.o)
    0x080001aa   0x080001aa   0x00000002   Code   RO          961    .ARM.Collect$$libshutdown$$00000012  c_w.l(libshutdown2.o)
    0x080001ac   0x080001ac   0x00000000   Code   RO          772    .ARM.Collect$$rtentry$$00000000  c_w.l(__rtentry.o)
    0x080001ac   0x080001ac   0x00000000   Code   RO          819    .ARM.Collect$$rtentry$$00000002  c_w.l(__rtentry2.o)
    0x080001ac   0x080001ac   0x00000006   Code   RO          831    .ARM.Collect$$rtentry$$00000004  c_w.l(__rtentry4.o)
    0x080001b2   0x080001b2   0x00000000   Code   RO          821    .ARM.Collect$$rtentry$$00000009  c_w.l(__rtentry2.o)
    0x080001b2   0x080001b2   0x00000004   Code   RO          822    .ARM.Collect$$rtentry$$0000000A  c_w.l(__rtentry2.o)
    0x080001b6   0x080001b6   0x00000000   Code   RO          824    .ARM.Collect$$rtentry$$0000000C  c_w.l(__rtentry2.o)
    0x080001b6   0x080001b6   0x00000008   Code   RO          825    .ARM.Collect$$rtentry$$0000000D  c_w.l(__rtentry2.o)
    0x080001be   0x080001be   0x00000002   Code   RO          867    .ARM.Collect$$rtexit$$00000000  c_w.l(rtexit.o)
    0x080001c0   0x080001c0   0x00000000   Code   RO          917    .ARM.Collect$$rtexit$$00000002  c_w.l(rtexit2.o)
    0x080001c0   0x080001c0   0x00000004   Code   RO          918    .ARM.Collect$$rtexit$$00000003  c_w.l(rtexit2.o)
    0x080001c4   0x080001c4   0x00000006   Code   RO          919    .ARM.Collect$$rtexit$$00000004  c_w.l(rtexit2.o)
    0x080001ca   0x080001ca   0x00000010   Code   RO            1    .text               main.o
    0x080001da   0x080001da   0x00000012   Code   RO          156    .text               stm32f10x_it.o
    0x080001ec   0x080001ec   0x000001e0   Code   RO          197    .text               system_stm32f10x.o
    0x080003cc   0x080003cc   0x000000a8   Code   RO          215    .text               board.o
    0x08000474   0x08000474   0x000001f4   Code   RO          248    .text               motor_init.o
    0x08000668   0x08000668   0x00000634   Code   RO          260    .text               foc.o
    0x08000c9c   0x08000c9c   0x000000d0   Code   RO          279    .text               as5600.o
    0x08000d6c   0x08000d6c   0x00000224   Code   RO          297    .text               myiic.o
    0x08000f90   0x08000f90   0x00000140   Code   RO          344    .text               usart.o
    0x080010d0   0x080010d0   0x00000040   Code   RO          380    .text               startup_stm32f10x_hd.o
    0x08001110   0x08001110   0x0000035c   Code   RO          384    .text               stm32f10x_gpio.o
    0x0800146c   0x0800146c   0x000003a4   Code   RO          396    .text               stm32f10x_rcc.o
    0x08001810   0x08001810   0x00000408   Code   RO          410    .text               stm32f10x_usart.o
    0x08001c18   0x08001c18   0x000000dc   Code   RO          422    .text               misc.o
    0x08001cf4   0x08001cf4   0x00000e1a   Code   RO          446    .text               stm32f10x_tim.o
    0x08002b0e   0x08002b0e   0x00000002   PAD
    0x08002b10   0x08002b10   0x0000008c   Code   RO          458    .text               clock.o
    0x08002b9c   0x08002b9c   0x000000b4   Code   RO          472    .text               components.o
    0x08002c50   0x08002c50   0x000000a8   Code   RO          496    .text               idle.o
    0x08002cf8   0x08002cf8   0x00000a32   Code   RO          514    .text               ipc.o
    0x0800372a   0x0800372a   0x00000002   PAD
    0x0800372c   0x0800372c   0x00000050   Code   RO          529    .text               irq.o
    0x0800377c   0x0800377c   0x000009b8   Code   RO          544    .text               kservice.o
    0x08004134   0x08004134   0x000004f0   Code   RO          561    .text               mem.o
    0x08004624   0x08004624   0x00000234   Code   RO          588    .text               object.o
    0x08004858   0x08004858   0x000001d8   Code   RO          605    .text               scheduler.o
    0x08004a30   0x08004a30   0x000004e2   Code   RO          631    .text               thread.o
    0x08004f12   0x08004f12   0x00000002   PAD
    0x08004f14   0x08004f14   0x000003b4   Code   RO          647    .text               timer.o
    0x080052c8   0x080052c8   0x000000f4   Code   RO          664    .text               context_rvds.o
    0x080053bc   0x080053bc   0x00000278   Code   RO          668    .text               cpuport.o
    0x08005634   0x08005634   0x00000158   Code   RO          683    .text               thread_manage.o
    0x0800578c   0x0800578c   0x00000002   Code   RO          700    .text               c_w.l(use_no_semi_2.o)
    0x0800578e   0x0800578e   0x00000006   Code   RO          702    .text               c_w.l(heapauxi.o)
    0x08005794   0x08005794   0x00000002   Code   RO          770    .text               c_w.l(use_no_semi.o)
    0x08005796   0x08005796   0x00000016   Code   RO          773    .text               c_w.l(_rserrno.o)
    0x080057ac   0x080057ac   0x00000008   Code   RO          836    .text               c_w.l(rt_errno_addr_intlibspace.o)
    0x080057b4   0x080057b4   0x00000008   Code   RO          852    .text               c_w.l(libspace.o)
    0x080057bc   0x080057bc   0x0000004a   Code   RO          855    .text               c_w.l(sys_stackheap_outer.o)
    0x08005806   0x08005806   0x00000012   Code   RO          857    .text               c_w.l(exit.o)
    0x08005818   0x08005818   0x00000028   Code   RO          848    i.__ARM_fpclassify  m_ws.l(fpclassify.o)
    0x08005840   0x08005840   0x00000388   Code   RO          807    i.__ieee754_rem_pio2  m_ws.l(rred.o)
    0x08005bc8   0x08005bc8   0x000000fc   Code   RO          790    i.__kernel_cos      m_ws.l(cos_i.o)
    0x08005cc4   0x08005cc4   0x000000aa   Code   RO          850    i.__kernel_poly     m_ws.l(poly.o)
    0x08005d6e   0x08005d6e   0x00000002   PAD
    0x08005d70   0x08005d70   0x000000ec   Code   RO          812    i.__kernel_sin      m_ws.l(sin_i.o)
    0x08005e5c   0x08005e5c   0x00000006   Code   RO          794    i.__mathlib_dbl_infnan  m_ws.l(dunder.o)
    0x08005e62   0x08005e62   0x0000000c   Code   RO          796    i.__mathlib_dbl_invalid  m_ws.l(dunder.o)
    0x08005e6e   0x08005e6e   0x00000002   PAD
    0x08005e70   0x08005e70   0x00000010   Code   RO          799    i.__mathlib_dbl_underflow  m_ws.l(dunder.o)
    0x08005e80   0x08005e80   0x0000009c   Code   RO          747    i.cos               m_ws.l(cos.o)
    0x08005f1c   0x08005f1c   0x000000a0   Code   RO          755    i.sin               m_ws.l(sin.o)
    0x08005fbc   0x08005fbc   0x0000004c   Code   RO          763    i.sqrt              m_ws.l(sqrt.o)
    0x08006008   0x08006008   0x00000062   Code   RO          706    x$fpl$d2f           fz_ws.l(d2f.o)
    0x0800606a   0x0800606a   0x00000002   PAD
    0x0800606c   0x0800606c   0x00000150   Code   RO          708    x$fpl$dadd          fz_ws.l(daddsub_clz.o)
    0x080061bc   0x080061bc   0x00000010   Code   RO          865    x$fpl$dcheck1       fz_ws.l(dcheck1.o)
    0x080061cc   0x080061cc   0x000002b0   Code   RO          715    x$fpl$ddiv          fz_ws.l(ddiv.o)
    0x0800647c   0x0800647c   0x0000005e   Code   RO          840    x$fpl$dfix          fz_ws.l(dfix.o)
    0x080064da   0x080064da   0x0000002e   Code   RO          719    x$fpl$dflt          fz_ws.l(dflt_clz.o)
    0x08006508   0x08006508   0x00000026   Code   RO          718    x$fpl$dfltu         fz_ws.l(dflt_clz.o)
    0x0800652e   0x0800652e   0x00000002   PAD
    0x08006530   0x08006530   0x00000154   Code   RO          724    x$fpl$dmul          fz_ws.l(dmul.o)
    0x08006684   0x08006684   0x0000009c   Code   RO          777    x$fpl$dnaninf       fz_ws.l(dnaninf.o)
    0x08006720   0x08006720   0x0000000c   Code   RO          779    x$fpl$dretinf       fz_ws.l(dretinf.o)
    0x0800672c   0x0800672c   0x00000016   Code   RO          709    x$fpl$drsb          fz_ws.l(daddsub_clz.o)
    0x08006742   0x08006742   0x00000002   PAD
    0x08006744   0x08006744   0x000001cc   Code   RO          781    x$fpl$dsqrt         fz_ws.l(dsqrt_noumaal.o)
    0x08006910   0x08006910   0x000001d4   Code   RO          710    x$fpl$dsub          fz_ws.l(daddsub_clz.o)
    0x08006ae4   0x08006ae4   0x00000056   Code   RO          726    x$fpl$f2d           fz_ws.l(f2d.o)
    0x08006b3a   0x08006b3a   0x00000002   PAD
    0x08006b3c   0x08006b3c   0x000000c4   Code   RO          728    x$fpl$fadd          fz_ws.l(faddsub_clz.o)
    0x08006c00   0x08006c00   0x00000018   Code   RO          844    x$fpl$fcmpinf       fz_ws.l(fcmpi.o)
    0x08006c18   0x08006c18   0x00000184   Code   RO          735    x$fpl$fdiv          fz_ws.l(fdiv.o)
    0x08006d9c   0x08006d9c   0x00000036   Code   RO          738    x$fpl$ffix          fz_ws.l(ffix.o)
    0x08006dd2   0x08006dd2   0x00000002   PAD
    0x08006dd4   0x08006dd4   0x00000068   Code   RO          783    x$fpl$fleqf         fz_ws.l(fleqf.o)
    0x08006e3c   0x08006e3c   0x00000102   Code   RO          742    x$fpl$fmul          fz_ws.l(fmul.o)
    0x08006f3e   0x08006f3e   0x0000008c   Code   RO          785    x$fpl$fnaninf       fz_ws.l(fnaninf.o)
    0x08006fca   0x08006fca   0x0000000a   Code   RO          787    x$fpl$fretinf       fz_ws.l(fretinf.o)
    0x08006fd4   0x08006fd4   0x00000062   Code   RO          744    x$fpl$frleqf        fz_ws.l(frleqf.o)
    0x08007036   0x08007036   0x00000002   PAD
    0x08007038   0x08007038   0x000000ea   Code   RO          730    x$fpl$fsub          fz_ws.l(faddsub_clz.o)
    0x08007122   0x08007122   0x00000064   Code   RO          914    x$fpl$retnan        fz_ws.l(retnan.o)
    0x08007186   0x08007186   0x0000005c   Code   RO          846    x$fpl$scalbn        fz_ws.l(scalbn.o)
    0x080071e2   0x080071e2   0x00000030   Code   RO          927    x$fpl$trapveneer    fz_ws.l(trapv.o)
    0x08007212   0x08007212   0x00000000   Code   RO          789    x$fpl$usenofp       fz_ws.l(usenofp.o)
    0x08007212   0x08007212   0x00000122   Data   RO          546    .constdata          kservice.o
    0x08007334   0x08007334   0x00000004   PAD
    0x08007338   0x08007338   0x00000030   Data   RO          791    .constdata          m_ws.l(cos_i.o)
    0x08007368   0x08007368   0x000000c8   Data   RO          809    .constdata          m_ws.l(rred.o)
    0x08007430   0x08007430   0x00000028   Data   RO          813    .constdata          m_ws.l(sin_i.o)
    0x08007458   0x08007458   0x00000004   Data   RO          473    .rti_fn.0           components.o
    0x0800745c   0x0800745c   0x00000004   Data   RO          474    .rti_fn.0.end       components.o
    0x08007460   0x08007460   0x00000004   Data   RO          475    .rti_fn.1.end       components.o
    0x08007464   0x08007464   0x00000004   Data   RO          476    .rti_fn.6.end       components.o
    0x08007468   0x08007468   0x00000020   Data   RO          993    Region$$Table       anon$$obj.o


    Execution Region RW_IRAM1 (Exec base: 0x20000000, Load base: 0x08007488, Size: 0x00002c70, Max: 0x00005000, ABSOLUTE)

    Exec Addr    Load Addr    Size         Type   Attr      Idx    E Section Name        Object

    0x20000000   0x08007488   0x00000014   Data   RW          198    .data               system_stm32f10x.o
    0x20000014   0x0800749c   0x00000018   Data   RW          262    .data               foc.o
    0x2000002c   0x080074b4   0x00000006   Data   RW          346    .data               usart.o
    0x20000032   0x080074ba   0x00000014   Data   RW          397    .data               stm32f10x_rcc.o
    0x20000046   0x080074ce   0x00000002   PAD
    0x20000048   0x080074d0   0x00000004   Data   RW          459    .data               clock.o
    0x2000004c   0x080074d4   0x00000001   Data   RW          530    .data               irq.o
    0x2000004d   0x080074d5   0x00000003   PAD
    0x20000050   0x080074d8   0x00000004   Data   RW          547    .data               kservice.o
    0x20000054   0x080074dc   0x00000018   Data   RW          563    .data               mem.o
    0x2000006c   0x080074f4   0x00000050   Data   RW          589    .data               object.o
    0x200000bc   0x08007544   0x00000018   Data   RW          607    .data               scheduler.o
    0x200000d4   0x0800755c   0x0000000c   Data   RW          648    .data               timer.o
    0x200000e0   0x08007568   0x00000010   Data   RW          669    .data               cpuport.o
    0x200000f0   0x08007578   0x0000000c   Data   RW          684    .data               thread_manage.o
    0x200000fc        -       0x00002000   Zero   RW          216    .bss                board.o
    0x200020fc        -       0x000000b4   Zero   RW          261    .bss                foc.o
    0x200021b0        -       0x000000c8   Zero   RW          345    .bss                usart.o
    0x20002278        -       0x00000178   Zero   RW          497    .bss                idle.o
    0x200023f0        -       0x00000100   Zero   RW          545    .bss                kservice.o
    0x200024f0        -       0x00000020   Zero   RW          562    .bss                mem.o
    0x20002510        -       0x00000100   Zero   RW          606    .bss                scheduler.o
    0x20002610        -       0x00000060   Zero   RW          853    .bss                c_w.l(libspace.o)
    0x20002670        -       0x00000200   Zero   RW          378    HEAP                startup_stm32f10x_hd.o
    0x20002870        -       0x00000400   Zero   RW          377    STACK               startup_stm32f10x_hd.o


==============================================================================

Image component sizes


      Code (inc. data)   RO Data    RW Data    ZI Data      Debug   Object Name

       208          8          0          0          0       1488   as5600.o
       168         24          0          0       8192      16540   board.o
       140         10          0          4          0       1424   clock.o
       180         22         16          0          0       2562   components.o
       244         28          0          0          0        776   context_rvds.o
       632        348          0         16          0       3327   cpuport.o
      1588         24          0         24        180       2121   foc.o
       168         26          0          0        376       4530   idle.o
      2610          0          0          0          0      14494   ipc.o
        80          6          0          1          0       1378   irq.o
      2488        168        290          4        256      11100   kservice.o
        16          0          0          0          0     258051   main.o
      1264        186          0         24         32       3964   mem.o
       220         22          0          0          0       1793   misc.o
       500         18          0          0          0       1269   motor_init.o
       548         16          0          0          0       2155   myiic.o
       564          4          0         80          0       7666   object.o
       472         28          0         24        256       6008   scheduler.o
        64         26        304          0       1536        800   startup_stm32f10x_hd.o
       860         38          0          0          0       5725   stm32f10x_gpio.o
        18          0          0          0          0        889   stm32f10x_it.o
       932         36          0         20          0       8900   stm32f10x_rcc.o
      3610         88          0          0          0      22832   stm32f10x_tim.o
      1032         22          0          0          0       8452   stm32f10x_usart.o
         0          0          0          0          0         32   sys.o
       480         38          0         20          0       1731   system_stm32f10x.o
      1250         14          0          0          0       9784   thread.o
       344         76          0         12          0        945   thread_manage.o
       948         14          0         12          0       8217   timer.o
       320         16          0          6        200       3158   usart.o

    ----------------------------------------------------------------------
     21954       1306        646        252      11028     412111   Object Totals
         0          0         32          0          0          0   (incl. Generated)
         6          0          4          5          0          0   (incl. Padding)

    ----------------------------------------------------------------------

      Code (inc. data)   RO Data    RW Data    ZI Data      Debug   Library Member Name

         8          0          0          0          0         68   __main.o
         0          0          0          0          0          0   __rtentry.o
        12          0          0          0          0          0   __rtentry2.o
         6          0          0          0          0          0   __rtentry4.o
        52          8          0          0          0          0   __scatter.o
        26          0          0          0          0          0   __scatter_copy.o
        28          0          0          0          0          0   __scatter_zi.o
        22          0          0          0          0        100   _rserrno.o
        18          0          0          0          0         80   exit.o
         6          0          0          0          0        152   heapauxi.o
         2          0          0          0          0          0   libinit.o
         2          0          0          0          0          0   libinit2.o
         2          0          0          0          0          0   libshutdown.o
         2          0          0          0          0          0   libshutdown2.o
         8          4          0          0         96         68   libspace.o
         8          4          0          0          0         68   rt_errno_addr_intlibspace.o
         2          0          0          0          0          0   rtexit.o
        10          0          0          0          0          0   rtexit2.o
        74          0          0          0          0         80   sys_stackheap_outer.o
         2          0          0          0          0         68   use_no_semi.o
         2          0          0          0          0         68   use_no_semi_2.o
        98          4          0          0          0         92   d2f.o
       826         16          0          0          0        348   daddsub_clz.o
        16          4          0          0          0         68   dcheck1.o
       688        140          0          0          0        208   ddiv.o
        94          4          0          0          0         92   dfix.o
        84          0          0          0          0        136   dflt_clz.o
       340         12          0          0          0        104   dmul.o
       156          4          0          0          0         92   dnaninf.o
        12          0          0          0          0         68   dretinf.o
       460         56          0          0          0        120   dsqrt_noumaal.o
        86          4          0          0          0         84   f2d.o
       430          8          0          0          0        168   faddsub_clz.o
        24          0          0          0          0         68   fcmpi.o
       388         76          0          0          0         96   fdiv.o
        54          4          0          0          0         84   ffix.o
       104          4          0          0          0         84   fleqf.o
       258          4          0          0          0         84   fmul.o
       140          4          0          0          0         84   fnaninf.o
        10          0          0          0          0         68   fretinf.o
        98          0          0          0          0         68   frleqf.o
       100          0          0          0          0         68   retnan.o
        92          0          0          0          0         68   scalbn.o
        48          0          0          0          0         68   trapv.o
         0          0          0          0          0          0   usenofp.o
       156          8          0          0          0        104   cos.o
       252         22         48          0          0        124   cos_i.o
        34          6          0          0          0        204   dunder.o
        40          0          0          0          0         68   fpclassify.o
       170          0          0          0          0         96   poly.o
       904         76        200          0          0        140   rred.o
       160         10          0          0          0        108   sin.o
       236         12         40          0          0        128   sin_i.o
        76          0          0          0          0         84   sqrt.o

    ----------------------------------------------------------------------
      6944        494        288          0         96       4228   Library Totals
        18          0          0          0          0          0   (incl. Padding)

    ----------------------------------------------------------------------

      Code (inc. data)   RO Data    RW Data    ZI Data      Debug   Library Name

       292         16          0          0         96        752   c_w.l
      4606        344          0          0          0       2420   fz_ws.l
      2028        134        288          0          0       1056   m_ws.l

    ----------------------------------------------------------------------
      6944        494        288          0         96       4228   Library Totals

    ----------------------------------------------------------------------

==============================================================================


      Code (inc. data)   RO Data    RW Data    ZI Data      Debug   

     28898       1800        934        252      11124     411759   Grand Totals
     28898       1800        934        252      11124     411759   ELF Image Totals
     28898       1800        934        252          0          0   ROM Totals

==============================================================================

    Total RO  Size (Code + RO Data)                29832 (  29.13kB)
    Total RW  Size (RW Data + ZI Data)             11376 (  11.11kB)
    Total ROM Size (Code + RO Data + RW Data)      30084 (  29.38kB)

==============================================================================

